
Discarded input sections

 .text          0x00000000        0x0 obj/HsfbApp.o
 .data          0x00000000        0x0 obj/HsfbApp.o
 .bss           0x00000000        0x0 obj/HsfbApp.o
 .text          0x00000000        0x0 obj/HsfbCtrl.o
 .data          0x00000000        0x0 obj/HsfbCtrl.o
 .bss           0x00000000        0x0 obj/HsfbCtrl.o
 .text          0x00000000        0x0 obj/HsfbCtrl_support.o
 .data          0x00000000        0x0 obj/HsfbCtrl_support.o
 .bss           0x00000000        0x0 obj/HsfbCtrl_support.o
 .text          0x00000000        0x0 obj/HsfbDiag.o
 .data          0x00000000        0x0 obj/HsfbDiag.o
 .bss           0x00000000        0x0 obj/HsfbDiag.o
 .text          0x00000000        0x0 obj/HsfbMeas.o
 .data          0x00000000        0x0 obj/HsfbMeas.o
 .bss           0x00000000        0x0 obj/HsfbMeas.o
 .text          0x00000000        0x0 obj/HsfbNtc.o
 .data          0x00000000        0x0 obj/HsfbNtc.o
 .bss           0x00000000        0x0 obj/HsfbNtc.o
 .text          0x00000000        0x0 obj/HsfbNtc_table.o
 .data          0x00000000        0x0 obj/HsfbNtc_table.o
 .bss           0x00000000        0x0 obj/HsfbNtc_table.o
 .text          0x00000000        0x0 obj/HsfbPwm.o
 .data          0x00000000        0x0 obj/HsfbPwm.o
 .bss           0x00000000        0x0 obj/HsfbPwm.o
 .text          0x00000000        0x0 obj/HsfbPwm_driver.o
 .data          0x00000000        0x0 obj/HsfbPwm_driver.o
 .bss           0x00000000        0x0 obj/HsfbPwm_driver.o
 .text          0x00000000        0x0 obj/HsfbSafety.o
 .data          0x00000000        0x0 obj/HsfbSafety.o
 .bss           0x00000000        0x0 obj/HsfbSafety.o
 .text          0x00000000        0x0 obj/HsfbState.o
 .data          0x00000000        0x0 obj/HsfbState.o
 .bss           0x00000000        0x0 obj/HsfbState.o
 .text          0x00000000        0x0 obj/look1_is32lfys16ts16Df_hV1slEhI.o
 .data          0x00000000        0x0 obj/look1_is32lfys16ts16Df_hV1slEhI.o
 .bss           0x00000000        0x0 obj/look1_is32lfys16ts16Df_hV1slEhI.o
 .text          0x00000000        0x0 obj/Adc.o
 .data          0x00000000        0x0 obj/Adc.o
 .bss           0x00000000        0x0 obj/Adc.o
 .text          0x00000000        0x0 obj/CompilerGnuc.o
 .data          0x00000000        0x0 obj/CompilerGnuc.o
 .bss           0x00000000        0x0 obj/CompilerGnuc.o
 .text          0x00000000        0x0 obj/Comserv.o
 .data          0x00000000        0x0 obj/Comserv.o
 .bss           0x00000000        0x0 obj/Comserv.o
 .text          0x00000000        0x0 obj/Dsp.o
 .data          0x00000000        0x0 obj/Dsp.o
 .bss           0x00000000        0x0 obj/Dsp.o
 .text.MPU_DEFAULT_CODE
                0x00000000      0x170 obj/Dsp.o
 .text          0x00000000        0x0 obj/Gtm.o
 .data          0x00000000        0x0 obj/Gtm.o
 .bss           0x00000000        0x0 obj/Gtm.o
 .text          0x00000000        0x0 obj/IfxCpu.o
 .data          0x00000000        0x0 obj/IfxCpu.o
 .bss           0x00000000        0x0 obj/IfxCpu.o
 .text.MPU_QM_CODE
                0x00000000      0x220 obj/IfxCpu.o
 .text          0x00000000        0x0 obj/IfxCpu_CStart0.o
 .data          0x00000000        0x0 obj/IfxCpu_CStart0.o
 .bss           0x00000000        0x0 obj/IfxCpu_CStart0.o
 .bmhd_0        0x00000000       0x20 obj/IfxCpu_CStart0.o
 .text          0x00000000        0x0 obj/IfxScuCcu.o
 .data          0x00000000        0x0 obj/IfxScuCcu.o
 .bss           0x00000000        0x0 obj/IfxScuCcu.o
 .text          0x00000000        0x0 obj/IfxScuWdt.o
 .data          0x00000000        0x0 obj/IfxScuWdt.o
 .bss           0x00000000        0x0 obj/IfxScuWdt.o
 .text          0x00000000        0x0 obj/Main.o
 .data          0x00000000        0x0 obj/Main.o
 .bss           0x00000000        0x0 obj/Main.o
 .text          0x00000000        0x0 obj/Main_isr_cfg.o
 .data          0x00000000        0x0 obj/Main_isr_cfg.o
 .bss           0x00000000        0x0 obj/Main_isr_cfg.o
 .text          0x00000000        0x0 obj/Pma.o
 .data          0x00000000        0x0 obj/Pma.o
 .bss           0x00000000        0x0 obj/Pma.o
 .text          0x00000000        0x0 obj/Port.o
 .data          0x00000000        0x0 obj/Port.o
 .bss           0x00000000        0x0 obj/Port.o
 .text          0x00000000        0x0 obj/Qspi.o
 .data          0x00000000        0x0 obj/Qspi.o
 .bss           0x00000000        0x0 obj/Qspi.o
 .text          0x00000000        0x0 obj/Qspi_cfg.o
 .data          0x00000000        0x0 obj/Qspi_cfg.o
 .bss           0x00000000        0x0 obj/Qspi_cfg.o
 .text          0x00000000        0x0 obj/Safety_cfg.o
 .data          0x00000000        0x0 obj/Safety_cfg.o
 .bss           0x00000000        0x0 obj/Safety_cfg.o
 .text          0x00000000        0x0 obj/Scheduler_Asil.o
 .data          0x00000000        0x0 obj/Scheduler_Asil.o
 .bss           0x00000000        0x0 obj/Scheduler_Asil.o
 .text          0x00000000        0x0 obj/Scheduler_Qm.o
[...]
Memory Configuration

Name             Origin             Length             Used               Free               Attributes
dsram0_local     0xd0000000         0x0000c000         0x00000000         0x0000c000         w !xp
dsram0           0x70000000         0x0000c000         0x0000bc00         0x00000400         w !xp
psram0           0x70100000         0x00002000         0x00001b78         0x00000488         w !xp
psram_local      0xc0000000         0x00002000         0x00000000         0x00002000         w !xp
pfls0_tstPattern 0x80058000         0x00000320         0x00000240         0x000000e0         xr !p
pfls0            0x80020000         0x00060000         0x00041fee         0x0001e012         xr !p
pfls0_tstPattern_nc 0xa0058000         0x00000320         0x00000000         0x00000320         xr !p
pfls0_nc         0xa0020000         0x00060000         0x00000000         0x00060000         xr !p
dfls0            0xaf000000         0x00100000         0x00000000         0x00100000         xr !p
edmem            0x9f000000         0x00040000         0x00000000         0x00040000         w !xp
edmem_nc         0xbf000000         0x00040000         0x00000000         0x00040000         w !xp
*default*        0x00000000         0xffffffff         0x0000003a         0xffffffc5

List of aliases

dsram0          : default_ram
psram0          : prog_ram

Memory region maps:

CORE     Local Region   Global Region
CPU0     0xc0000000     0x70100000
CPU0     0xd0000000     0x70000000


Linker script and memory map

                0x00000210                __TRICORE_DERIVATE_MEMORY_MAP__ = 0x210
                0x00002000                LCF_CSA0_SIZE = 0x2000
                0x00000800                LCF_USTACK0_SIZE = 0x800
                0x00000400                LCF_ISTACK0_SIZE = 0x400
                0x00001000                LCF_HEAP_SIZE = 0x1000
                0x70000000                LCF_DSPR0_START = 0x70000000
                0x0000c000                LCF_DSPR0_SIZE = 0xc000
                0x00009c00                LCF_CSA0_OFFSET = ((LCF_DSPR0_SIZE - 0x400) - LCF_CSA0_SIZE)
                0x00009700                LCF_ISTACK0_OFFSET = ((LCF_CSA0_OFFSET - 0x100) - LCF_ISTACK0_SIZE)
                0x00008e00                LCF_USTACK0_OFFSET = ((LCF_ISTACK0_OFFSET - 0x100) - LCF_USTACK0_SIZE)
                0x00007e00                LCF_HEAP0_OFFSET = (LCF_USTACK0_OFFSET - LCF_HEAP_SIZE)
                0x80060000                LCF_INTVEC0_START = 0x80060000
                0x80020100                LCF_TRAPVEC0_START = 0x80020100
                0x701c0000                LCF_PTAG_START = 0x701c0000
                0x00000c00                LCF_PTAG_SIZE = 0xc00
                0x70000000                LCF_ASIL_VAR_START = 0x70000000
                0x70001500                LCF_PMUECC_TVT_START = 0x70001500
                0x70001600                LCF_PMUECC_RAMCODE_START = 0x70001600
                0x70002a00                LCF_QM_VAR_START = 0x70002a00
                0x70004000                LCF_QM_PMA_VAR_START = 0x70004000
                0x70004500                LCF_DEFAULT_VAR_START = 0x70004500
                0x70100100                LCF_ISR15us_START = 0x70100100
                0x80020000                RESET = 0x80020000
                0x00080008                __TC0_PCON2_VALUE = 0x80008
                0x00b80000                __TC0_DCON2_VALUE = 0xb80000
                0x00000000                __TC1_PCON2_VALUE = 0x0
                0x00000000                __TC1_DCON2_VALUE = 0x0
                0x00000000                __TC2_PCON2_VALUE = 0x0
                0x00000000                __TC2_DCON2_VALUE = 0x0
                0xd0000000                __SBST_DSPR_BASE_ADDR = 0xd0000000
                0xc0000000                __SBST_PSPR_BASE_ADDR = 0xc0000000
                0xd00000fc                __SBST_CRC_RESULT = (__SBST_DSPR_BASE_ADDR + 0xfc)
                0x70100000                __START_PSPR = 0x70100000
                0x00002000                __SIZE_PSPR = 0x2000
                0x70000000                __START_DSPR = 0x70000000
                0x0000c000                __SIZE_DSPR = 0xc000

.text.ifx_opcode_test.asil_b._SBST_Test
 *(.text.ifx_opcode_test.asil_b.ISG_800B7000)
 *(.text.ifx_opcode_test.asil_b.Main)
 *(.text.ifx_opcode_test.asil_b.Functions)
 *(.text.ifx_opcode_test.asil_b.Kernel_Direct)
 *(.text.ifx_opcode_test.asil_b.TC16E_Direct)
 *(.text.ifx_opcode_test.asil_b.RelocTable)
 *(.text.ifx_opcode_test.asil_b.ISG_800D7000)
 *(.text.ifx_opcode_test.asil_b.TC16P_Main)
 *(.text.ifx_opcode_test.asil_b.TC16P_Direct)
 *(.text.SBST_CALLBACK_CODE_ROM)

.bmhd_1         memory region -> pfls0
                0x80020000       0x20
                0x80020000                BootModeIndex = .
 *(.bmhd_1)
 .bmhd_1        0x80020000       0x20 obj/IfxCpu_CStart0.o
                0x80020000                BootModeHeader_1

.startup        memory region -> pfls0
                0x80020020        0x8
                0x80020020                BootModeIndex = .
                0x80020020                . = ALIGN (0x4)
 *(.start)
 .start         0x80020020        0x6 obj/IfxCpu_CStart0.o
                0x80020020                _START
                0x80020028                . = ALIGN (0x4)
 *fill*         0x80020026        0x2 0800

.startaddrtable memory region -> pfls0
                0x80020040        0x8
                0x80020040                ApplStartAddrTable = .
 *(.startaddrtable)
 .startaddrtable
                0x80020040        0x8 obj/IfxCpu_CStart0.o
                0x80020048                . = ALIGN (0x4)

.interface_const memory region -> pfls0
                0x80020050        0x0
                0x80020050                __IF_CONST = .
 *(.interface_const)
                0x80020050                . = ALIGN (0x4)

.BMH_validate   memory region -> pfls0
                0x80030000       0x20
                0x80030000                __IF_CONST = .
 *(.BMH_validate)
 .BMH_validate  0x80030000       0x20 obj/Main.o
                0x80030000                MAIN_mg_au32AbmValidationArea
                0x80030020                . = ALIGN (0x4)

.SW_version     memory region -> pfls0
                0x80030020        0x0
                0x80030020                __IF_CONST = .
 *(.SW_version)
                0x80030020                . = ALIGN (0x4)

.text.MPU_ASIL_CODE memory region -> pfls0
                0x80030800    0x1c200
 *(.text.MPU_ASIL_CODE)
 .text.MPU_ASIL_CODE
                0x80030800      0x300 obj/HsfbApp.o
                0x80030800                HsfbApp_Read1ms
                0x80030980                HsfbApp_Write1ms
                0x800309a0                HsfbApp_Call1ms
                0x80030a30                HsfbApp_Call10ms
 .text.MPU_ASIL_CODE
                0x80030b00      0xe80 obj/HsfbCtrl.o
                0x80030c40                HsfbCtrl_Derating_Calc
                0x80030cf8                HsfbCtrl_Buck_Ctrl_100us
                0x800311b8                HsfbCtrl_Precharge_State
                0x800314e8                HsfbCtrl_Boost_Ctrl_100us
                0x800318c0                HsfbCtrl_Reset
                0x800318f0                HsfbCtrl_Reset_100us
 .text.MPU_ASIL_CODE
                0x80031980       0x30 obj/HsfbCtrl_support.o
                0x80031980                HsfbCtrl_SR_Calc
 .text.MPU_ASIL_CODE
                0x800319b0      0xa08 obj/HsfbDiag.o
                0x800319b0                HsfbDiag_ErrCode0_Calc
                0x80031a28                HsfbDiag_ErrCode1_Calc
                0x80031a88                HsfbDiag_MaxCheck
                0x80031aa8                HsfbDiag_MaxHysCheck
                0x80031ae8                HsfbDiag_RangeCheck_IproFet
                0x80031cb8                HsfbDiag_ErrCode2_Calc
                0x80032068                HsfbDiag_ErrCode3_Calc
                0x800320c0                HsfbDiag_ErrCode_Latch
                0x80032170                HsfbDiag_ErrCode_Mux
                0x80032328                HsfbDiag_Call1ms
 .text.MPU_ASIL_CODE
                0x800323b8      0x4e8 obj/HsfbMeas.o
                0x800323b8                HsfbMeas_Calibration
                0x800325c0                HsfbMeas_Call1ms
 .text.MPU_ASIL_CODE
                0x800328a0      0x330 obj/HsfbNtc.o
                0x800328a0                HsfbNtc_CalcNtcR
                0x80032918                HsfbNtc_Call10ms
 .text.MPU_ASIL_CODE
                0x80032bd0      0x408 obj/HsfbPwm.o
                0x80032bd0                HsfbPwm_GetData100us
                0x80032c88                HsfbPwm_Jitter100us
                0x80032da8                HsfbPwm_MAF_Calc
                0x80032e18                HsfbPwm_ToMor100us
 .text.MPU_ASIL_CODE
                0x80032fd8      0xf10 obj/HsfbSafety.o
                0x80032fd8                HsfbSafety_DCDC01_LFD1
                0x80033058                HsfbSafety_DCDC02_LFD1
                0x800330f0                HsfbSafety_DCDC02_SM1
                0x80033168                HsfbSafety_DCDC02_SM2
                0x800331e0                HsfbSafety_DCDC02_SM3
                0x80033260                HsfbSafety_PWMEn_Calc
                0x800332a0                HsfbSafety_Verr_Calc
                0x800332e0                HsfbSafety_AutoDiag
                0x80033388                HsfbSafety_AutoDiagFunc
                0x800334a8                HsfbSafety_AutoDiagState
                0x800335d0                HsfbSafety_DCDC01_LFD3
                0x80033650                HsfbSafety_DCDC01_LFD4
                0x800336d0                HsfbSafety_DCDC01_SM1
                0x80033748                HsfbSafety_DCDC01_SM2
                0x800337c0                HsfbSafety_DCDC01_SM3
                0x80033840                HsfbSafety_DCDC01_SM4
                0x80033868                HsfbSafety_DCDC02_LFD3
                0x800338e8                HsfbSafety_DCDC02_LFD4
                0x80033968                HsfbSafety_DCDC02_SM4
                0x80033990                HsfbSafety_DCDC03_LFD1
                0x80033aa0                HsfbSafety_DCDC03_SM1
                0x80033b40                HsfbSafety_DCDC05_LFD1
                0x80033bb8                HsfbSafety_DCDC05_SM1
                0x80033c30                HsfbSafety_Call1ms
 .text.MPU_ASIL_CODE
                0x80033ee8      0x358 obj/HsfbState.o
                0x80033ee8                HsfbState_StateMachine
                0x80034190                HsfbState_Call1ms
 .text.MPU_ASIL_CODE
                0x80034240       0xa0 obj/look1_is32lfys16ts16Df_hV1slEhI.o
                0x80034240                look1_is32lfys16ts16Df_hV1slEhI
 .text.MPU_ASIL_CODE
                0x800342e0       0xe0 obj/Adc.o
                0x800342e0                Adc_ShortDetect_10ms
 .text.MPU_ASIL_CODE
                0x800343c0     0x1428 obj/Comserv.o
                0x800343d8                ComServ_EmergencyMode
                0x80034428                ComServ_AutoDisable
                0x800344a8                HsfbApp_GetRx10ms
                0x80034568                HsfbApp_SetTx10ms
                0x80034ce8                ComServ_1msTask
                0x80035060                ComServ_10msTask
                0x80035260                CANDriver_MsgObjCfg
                0x80035398                CANDriver_HwCfg
                0x80035440                CANDriver_Diag
                0x80035470                RangeCheck
                0x80035498                Crc_CalculateCRC32
                0x800354e8                Crc_CalculateCRC8
                0x80035520                HsfbMeas_GetCalibData
                0x800356a0                HsfbCtrl_GetParamData
 .text.MPU_ASIL_CODE
                0x800357e8      0x6e8 obj/Gtm.o
                0x800357e8                Gtm_StopWDI
                0x80035810                Gtm_CheckPwmStatus
                0x800358c0                Gtm_EnDisDuty
                0x80035948                Gtm_ResetDuty
                0x80035a10                Gtm_Pri_EnDis
                0x80035ab0                Gtm_EnDisReg
                0x80035b80                Gtm_PwmEnDis_Calc
                0x80035c38                Gtm_Sr_EnDis
                0x80035c98                Gtm_Clamp_EnDis
                0x80035cf8                Gtm_Pri_EnDisDuty
                0x80035d00                Gtm_Sr_EnDisDuty
                0x80035d38                Gtm_Clamp_EnDisDuty
                0x80035d80                Gtm_Pri_ResetDuty
                0x80035dd8                Gtm_Sr_ResetDuty
                0x80035e08                Gtm_Clamp_ResetDuty
                0x80035e38                Gtm_DebugPwm
                0x80035e78                Gtm_DebugPwmScope
 .text.MPU_ASIL_CODE
                0x80035ed0      0x4c0 obj/Port.o
                0x80035ed0                Port_StartUp
                0x80035f08                Port_AutoDiag
                0x80035f10                KL30_AutoDiag
                0x80035f90                HsfbApp_ErrReset
                0x80036020                HsfbSafety_SetClrAutoDiag
                0x80036230                SBC_Triger100us
                0x80036290                ORU_LatchTest1ms
                0x800362c0                Port_OTP_AutoDiag10ms
                0x80036348                Port_AuxPower_EnDis10ms
 .text.MPU_ASIL_CODE
                0x80036390      0xc80 obj/Qspi.o
                0x80036390                Qspi_SBC_TxRxData
                0x80036418                Qspi_SBC_Check_RegStatus
                0x80036478                Qspi_SBC_Check_QVRStatus
                0x800364e8                Qspi_SBC_Check_NormalState
                0x80036530                Qspi_SBC_Check10ms
                0x80036570                Qspi_SBC_WWDTest
                0x80036798                Qspi_SBC_ABIST
                0x80036b40                Qspi_SBC_GotoNormal
                0x80036b98                Qspi_SBC_ReadStatus
                0x80036cf8                Qspi_SBC_Config
                0x80036da0                Qspi_SBC_Lockup
                0x80036e08                Qspi_SBC_Unlock
                0x80036e70                Qspi_StartUp
                0x80036f58                Qspi_SBC_ParityCheck
                0x80036f78                Qspi_TestCmd_Calc
                0x80036fa0                Qspi_Cmd_Test10ms
 .text.MPU_ASIL_CODE
                0x80037010      0x490 obj/Safety_cfg.o
                0x80037010                Safety_IOM_Cfg
                0x80037128                Safety_Cfg
                0x80037148                Safety_Check10ms
                0x80037178                Safety_Power_SM1_HW_ExtVREG_MON
                0x800371c0                Safety_Power_SM1_HW_ExtV13_MON
                0x80037208                Safety_Power_SM1_HW_BANDGAP_MON
                0x80037228                Safety_Power_SM1_AoU_EVR_CFGMON
                0x80037290                Safety_Clock_SM1_HW_SystemPLL_CLKMON
                0x800372c8                Safety_Clock_SM1_HW_SRI_CLKMON
                0x80037300                Safety_Clock_SM1_HW_SPB_CLKMON
                0x80037338                Safety_Clock_SM1_HW_GTM_CLKMON
                0x80037370                Safety_CPU_SM1_HW_CPU_DATA_MPU
                0x80037390                Safety_SRAM_SM1_HW_SRAM_ECC
                0x800373b0                Safety_PFLASH_SM1_HW_PFLASH_Monitor
                0x800373e8                Safety_SPB_SM2_AoU_SBCU_InitCheck
                0x80037440                Safety_SMU_SM2_AoU_SMU_InitCheck
                0x80037448                Safety_WDT_SM2_AoU_WDT_InitCheck
                0x80037480                Safety_WDT_SM2_AoU_RESET_SSCheck
 .text.MPU_ASIL_CODE
                0x800374a0      0x888 obj/Scheduler_Asil.o
                0x800375e0                Isr_Call15us
                0x80037690                Isr_Call100us
                0x800377d0                Isr_Call1ms
                0x80037918                Isr_Call10ms
 .text.MPU_ASIL_CODE
                0x80037d28      0x160 obj/Uds.o
                0x80037d28                Uds_McuSwReset
                0x80037dd8                Uds_ASILTask
 .text.MPU_ASIL_CODE
                0x80037e88      0x4f0 obj/iohwsf.o
                0x800380d0                IOHWSF_vDefaultErrorHandler
                0x800381a0                IOHWSF_vMcSafeSwitchToRunState
                0x80038208                IOHWSF_vMcSafeStartUpChecks
                0x80038240                iohw_Wrapper_ClearAlarmStatus
                0x80038248                IOHWSF_tPreRunPreHook
                0x80038308                IOHWSF_tPreRunPostHook
                0x80038350                IOHWSF_vSrcRegestersCheck
                0x80038358                IOHWSF_ACCESSPROT_vSwitchToSafeISR
 .text.MPU_ASIL_CODE
                0x80038378      0x318 obj/iohwsf_AccessProt.o
                0x800383e8                IOHWSF_ACCESSPROT_vConfigureAccessProtection
 .text.MPU_ASIL_CODE
                0x80038690      0x138 obj/iohwsf_FspTest.o
                0x80038690                IOHWSF_FSPTEST
 .text.MPU_ASIL_CODE
                0x800387c8       0x10 obj/iohwsf_IsrMon.o
                0x800387c8                ISR_DefaultHandler
 .text.MPU_ASIL_CODE
                0x800387d8       0x18 obj/iohwsf_Reset.o
                0x800387d8                IOHWSF_vCheckRSRCON2_CSS0_Bit
 .text.MPU_ASIL_CODE
                0x800387f0      0x758 obj/mpu.o
                0x80038e90                mpu_vInit
 .text.MPU_ASIL_CODE
                0x80038f48      0x388 obj/Mcal_Trap.o
                0x80038f48                _trap_0
                0x80038f90                _trap_1
                0x80039058                _trap_2
                0x800390f8                _trap_3
                0x800391c0                _trap_4
                0x80039220                _trap_5
                0x80039270                _trap_6
                0x80039298                _trap_7
 .text.MPU_ASIL_CODE
                0x800392d0      0x1b8 obj/TstM.o
                0x800392d0                TstM_Init
                0x800392f8                TstM_PreRunTst
                0x800393c8                TstM_InvalidateData
                0x800393f8                TstM_Run
                0x80039440                TstM_SRCRegestersCheck
 *(.text.STL_ASIL_CODE)
 .text.STL_ASIL_CODE
                0x80039488      0x710 obj/ClkmTst.o
                0x80039488                ClkmTst_ClkmTst
 .text.STL_ASIL_CODE
                0x80039b98     0x1334 obj/CpuBusMpuLfmTst.o
                0x8003a5f8                CpuBusMpuLfmTst_LfmTest
 .text.STL_ASIL_CODE
                0x8003aecc      0x2dc obj/IRTst.o
                0x8003b0dc                IRTst_IRTst
 .text.STL_ASIL_CODE
                0x8003b1a8      0x1b8 obj/LockStepTst.o
                0x8003b1a8                LockStepTst_LockStepTst
 .text.STL_ASIL_CODE
                0x8003b360      0x160 obj/Mcal_TcLib.o
                0x8003b360                Mcal_GetCoreId
                0x8003b36c                Mcal_GetDsprReMapAddress
                0x8003b398                Mcal_LockResource
                0x8003b3a8                Mcal_UnlockResource
                0x8003b3b4                Mcal_GetSpinLock
                0x8003b3d8                Mcal_ReleaseSpinLock
                0x8003b3e4                Mcal_SuspendAllInterrupts
                0x8003b44c                Mcal_ResumeAllInterrupts
 .text.STL_ASIL_CODE
                0x8003b4c0      0x4fc obj/Mcal_WdgLib.o
                0x8003b57c                Mcal_ResetCpuENDINIT
                0x8003b624                Mcal_SetCpuENDINIT
                0x8003b6f0                Mcal_ResetENDINIT
                0x8003b740                Mcal_SetENDINIT
                0x8003b79c                Mcal_ResetSafetyENDINIT_Timed
                0x8003b814                Mcal_SetSafetyENDINIT_Timed
                0x8003b898                Mcal_SafetyModifyAccess
                0x8003b8a4                Mcal_CpuWdtModifyAccess
                0x8003b8b8                Mcal_SafetyCheckAccess
                0x8003b8e8                Mcal_CpuWdtCheckAccess
                0x8003b924                Mcal_SafetyPwSequence
                0x8003b968                Mcal_CpuWdtPwSequence
 .text.STL_ASIL_CODE
                0x8003b9bc      0x2d8 obj/Mtl_Trap.o
                0x8003b9bc                TRAP_Init
                0x8003ba10                TRAP_RegisterTrapHandlerAllCores
                0x8003ba50                TRAP_UnregisterTrapHandlerAllCores
                0x8003ba8c                TRAP_RegisterTrapHandler
                0x8003bacc                TRAP_UnregisterTrapHandler
                0x8003bb08                TRAP_StartHandleTraps
                0x8003bb5c                TRAP_StopHandleTraps
                0x8003bba8                TRAP_GenericTrapHandler
 .text.STL_ASIL_CODE
                0x8003bc94      0x2ec obj/RegAccProtTst.o
                0x8003be3c                RegAccProtTst_RegAccProtTst
 .text.STL_ASIL_CODE
                0x8003bf80      0x2b4 obj/SffTst.o
                0x8003bf80                SffTst_SffTst
 .text.STL_ASIL_CODE
                0x8003c234      0x118 obj/SfrCmpTst.o
                0x8003c234                SfrTst_SfrCmpTst
 .text.STL_ASIL_CODE
                0x8003c34c       0xa4 obj/Sl_Ipc.o
                0x8003c34c                Sl_SpinLockInit
                0x8003c380                Sl_GetSpinLock
                0x8003c3c4                Sl_ReleaseSpinLock
 .text.STL_ASIL_CODE
                0x8003c3f0      0xd18 obj/Smu.o
                0x8003c3f0                Smu_Init
                0x8003c6d0                Smu_DeInit
                0x8003c864                Smu_ClearAlarmStatus
                0x8003c8e0                Smu_SetAlarmStatus
                0x8003c9d8                Smu_GetAlarmStatus
                0x8003c9fc                Smu_GetAlarmDebugStatus
                0x8003ca60                Smu_GetAlarmAction
                0x8003cb68                Smu_SetAlarmAction
                0x8003cc5c                Smu_ReleaseFSP
                0x8003cd04                Smu_ActivateFSP
                0x8003cd78                Smu_SetupErrorPin
                0x8003ce38                Smu_ReleaseErrorPin
                0x8003ce8c                Smu_RTStop
                0x8003cefc                Smu_GetRTMissedEvent
                0x8003cf7c                Smu_LockConfigRegs
                0x8003d064                Smu_GetSmuState
                0x8003d074                Smu_ActivateRunState
 .text.STL_ASIL_CODE
                0x8003d108      0xaa8 obj/SmuTst.o
                0x8003d194                SmuTst_NmiTst
                0x8003d344                SmuTst_IrqTst
                0x8003d4c4                SmuTst_RtTst
 .text.STL_ASIL_CODE
                0x8003dbb0      0xac0 obj/SpbTst.o
                0x8003df64                SpbTst_TimeoutTst
                0x8003e2e0                SpbTst_PeripheralRegAccProtTst
 .text.STL_ASIL_CODE
                0x8003e670     0x1930 obj/SramEccTst.o
                0x8003fe68                SramEccTst_GetUnexpEccAlmListPtr
                0x8003fe84                SramEccTst_SramEccTst
 .text.STL_ASIL_CODE
                0x8003ffa0      0xb38 obj/TrapTst.o
                0x800404d8                TrapTst_TrapTst
 .text.STL_ASIL_CODE
                0x80040ad8      0x6d0 obj/TstHandler.o
                0x80040c60                Sl_PreInit
                0x80040cd4                Sl_ExecCriticalPreRunTst
                0x80040d24                Sl_Init
                0x80040dbc                Sl_ExecPreRunTst
                0x80040e0c                Sl_ExecRunTst
                0x80040f0c                Sl_ExecSlaveCoreRunTst
                0x80041090                Sl_ExecPostRunTst
                0x800410e0                Sl_SwitchTstPhase
 .text.STL_ASIL_CODE
                0x800411a8      0x410 obj/VltmTst.o
                0x800411a8                VltmTst_VltmTst
 .text.STL_ASIL_CODE
                0x800415b8      0xc78 obj/WdgTst.o
                0x80041fa8                WdgTst_WdgCpuTst
                0x800420f8                WdgTst_WdgSafetyTst
 *(.text.STL_ASIL_CODE_NO_OPTIMIZE)
 .text.STL_ASIL_CODE_NO_OPTIMIZE
                0x80042230     0x2e00 obj/CpuMpuTst.o
                0x80042230                CpuMpuTst_CpuMpuTst
 .text.STL_ASIL_CODE_NO_OPTIMIZE
                0x80045030     0x1aec obj/PmuEccEdcTst.o
                0x8004510c                PmuEccEdcTst_GetUnexpEccAlmListPtr
                0x80045348                PmuEccEdcTst_CalculateCrc32
                0x800469a8                PmuEccEdcTst_EccEdcTst
 .text.STL_ASIL_CODE_NO_OPTIMIZE
                0x80046b1c      0x6f0 obj/Sl_FlsErrPtrn.o
                0x80046ff8                Sl_ChkProgErrorPattern
 .text.STL_ASIL_CODE_NO_OPTIMIZE
                0x8004720c     0x1658 obj/SramEccTst.o
 .text.STL_ASIL_CODE_NO_OPTIMIZE
                0x80048864     0x34c8 obj/SriTst.o
                0x80048864                SriTst_SriTst
 *(.text.CpuMpuExAccess)
 *fill*         0x8004bd2c        0x4 00
 .text.CpuMpuExAccess
                0x8004bd30       0x10 obj/CpuMpuTst.o
 *(.text.IRTst_IRTab.*)
 *fill*         0x8004bd40      0x2c0 00
 .text.IRTst_IRTab.IRTst_inttab
                0x8004c000      0x800 obj/IRTst_IRTab.o
                0x8004c000                IRTst_inttab
 *(.text.Mtl_TrapTab.*)
 .text.Mtl_TrapTab.Stl_TrapVectors
                0x8004c800      0x100 obj/Mtl_TrapTab.o
                0x8004c800                Stl_TrapVectors
 *(.Mpu_traptab)
 .Mpu_traptab   0x8004c900      0x100 obj/Main.o
                0x8004c900                TriCore_trap_table
                0x8004c900                __trap_0
                0x8004c920                __trap_1
                0x8004c940                __trap_2
                0x8004c960                __trap_3
                0x8004c980                __trap_4
                0x8004c9a0                __trap_5
                0x8004c9c0                __trap_6
                0x8004c9e0                __trap_7
                0x8004ca00                . = ALIGN (0x4)

.text.MPU_QM_CODE memory region -> pfls0
                0x8004ca00     0x461c
 *(.text.MPU_QM_CODE)
 .text.MPU_QM_CODE
                0x8004ca00       0x38 obj/HsfbApp.o
                0x8004ca00                HsfbApp_CallInit
                0x8004ca20                HsfbApp_initialize
                0x8004ca30                HsfbApp_terminate
 .text.MPU_QM_CODE
                0x8004ca38       0xd0 obj/HsfbCtrl.o
                0x8004ca38                HsfbCtrl_CallInit
 .text.MPU_QM_CODE
                0x8004cb08       0x48 obj/HsfbDiag.o
                0x8004cb08                HsfbDiag_CallInit
 .text.MPU_QM_CODE
                0x8004cb50      0x1d8 obj/HsfbMeas.o
                0x8004cb50                HsfbMeas_InitOffsetCheck
                0x8004cb78                HsfbMeas_CallInit
 .text.MPU_QM_CODE
                0x8004cd28      0x130 obj/HsfbNtc.o
                0x8004cd28                HsfbNtc_CallInit
 .text.MPU_QM_CODE
                0x8004ce58       0xa8 obj/HsfbPwm.o
                0x8004ce58                HsfbPwm_State15us_Init
                0x8004ce68                HsfbPwm_Init
                0x8004ce78                HsfbPwm_CallInit
 .text.MPU_QM_CODE
                0x8004cf00      0x168 obj/HsfbSafety.o
                0x8004cf00                HsfbSafety_AutoDiag_Init
                0x8004cf10                HsfbSafety_AutoDiagFunc_Init
                0x8004cf48                HsfbSafety_AutoDiagState_Init
                0x8004cf80                HsfbSafety_Init
                0x8004cfc0                HsfbSafety_CallInit
 .text.MPU_QM_CODE
                0x8004d068       0x30 obj/HsfbState.o
                0x8004d068                HsfbState_StateMachine_Init
                0x8004d078                HsfbState_p_Init
                0x8004d088                HsfbState_CalInit
 .text.MPU_QM_CODE
                0x8004d098      0x400 obj/Adc.o
                0x8004d098                Adc_cfg_ch_HwVer1
                0x8004d118                Adc_cfg_ch_HwVer0
                0x8004d188                Adc_cfg
                0x8004d290                Adc_Pt_Init_HwVer1
                0x8004d360                Adc_Pt_Init_HwVer0
                0x8004d408                Adc_Pt_Init
                0x8004d438                Adc_Init
                0x8004d440                Adc_StartUp
                0x8004d488                HsfbMeas_GetInitOffset
 .text.MPU_QM_CODE
                0x8004d498       0xd8 obj/CompilerGnuc.o
                0x8004d498                Ifx_C_Init
 .text.MPU_QM_CODE
                0x8004d570      0x180 obj/Comserv.o
                0x8004d570                ComServ_Init
                0x8004d5d8                UdsData_Calibration
                0x8004d680                UdsData_Parameter
 .text.MPU_QM_CODE
                0x8004d6f0       0x70 obj/Dsp.o
                0x8004d6f0                Dsp_Decimal2Bcd
                0x8004d730                Dsp_SatS16U8
                0x8004d748                Dsp_SatS16U12
 .text.MPU_QM_CODE
                0x8004d760      0xaf0 obj/Gtm.o
                0x8004d760                Gtm_vTomCHcfg
                0x8004dba0                Gtm_vIsr_cfg
                0x8004dcb8                Gtm_vTom_cfg
                0x8004de98                Gtm_vTomCHcfg_HwVer1
                0x8004def8                Gtm_vTomCHcfg_HwVer0
                0x8004df58                Gtm_vTim_cfg
                0x8004e0d8                Gtm_Pwm_Pt_Init
                0x8004e1b8                Gtm_Init
                0x8004e208                Gtm_PwmEnDis_Init
 .text.MPU_QM_CODE
                0x8004e250      0x258 obj/IfxCpu_CStart0.o
                0x8004e250                _Core0_start
 .text.MPU_QM_CODE
                0x8004e4a8      0xd38 obj/IfxScuCcu.o
                0x8004e4a8                IfxScuCcu_calculateSysPllDividers
                0x8004e5c8                IfxScuCcu_getOsc0Frequency
                0x8004e5d8                IfxScuCcu_getOscFrequency
                0x8004e618                IfxScuCcu_getPllFrequency
                0x8004e688                IfxScuCcu_getPllVcoFrequency
                0x8004e6d0                IfxScuCcu_getSourceFrequency
                0x8004e728                IfxScuCcu_getMaxFrequency
                0x8004e7b0                IfxScuCcu_getBaud2Frequency
                0x8004e7d8                IfxScuCcu_getBbbFrequency
                0x8004e860                IfxScuCcu_getSpbFrequency
                0x8004e8f0                IfxScuCcu_getModuleFrequency
                0x8004e940                IfxScuCcu_getSriFrequency
                0x8004e9d0                IfxScuCcu_getFsiFrequency
                0x8004ea10                IfxScuCcu_getFsi2Frequency
                0x8004ea50                IfxScuCcu_getCpuFrequency
                0x8004ea78                IfxScuCcu_init
                0x8004ee50                IfxScuCcu_initConfig
                0x8004ee70                IfxScuCcu_setCpuFrequency
                0x8004eec8                IfxScuCcu_setGtmFrequency
                0x8004ef58                IfxScuCcu_setPll2Frequency
                0x8004efa8                IfxScuCcu_setSpbFrequency
                0x8004f048                IfxScuCcu_setSriFrequency
                0x8004f0c0                IfxScuCcu_switchToBackupClock
 .text.MPU_QM_CODE
                0x8004f1e0      0x430 obj/IfxScuWdt.o
                0x8004f1e0                IfxScuWdt_changeCpuWatchdogPassword
                0x8004f220                IfxScuWdt_changeCpuWatchdogReload
                0x8004f260                IfxScuWdt_changeSafetyWatchdogPassword
                0x8004f298                IfxScuWdt_changeSafetyWatchdogReload
                0x8004f2d0                IfxScuWdt_clearCpuEndinit
                0x8004f310                IfxScuWdt_clearSafetyEndinit
                0x8004f340                IfxScuWdt_getCpuWatchdogPassword
                0x8004f368                IfxScuWdt_getSafetyWatchdogPassword
                0x8004f380                IfxScuWdt_initConfig
                0x8004f3a0                IfxScuWdt_setCpuEndinit
                0x8004f3e0                IfxScuWdt_serviceCpuWatchdog
                0x8004f3e8                IfxScuWdt_initCpuWatchdog
                0x8004f488                IfxScuWdt_enableCpuWatchdog
                0x8004f4b8                IfxScuWdt_disableCpuWatchdog
                0x8004f4e8                IfxScuWdt_setSafetyEndinit
                0x8004f518                IfxScuWdt_serviceSafetyWatchdog
                0x8004f520                IfxScuWdt_initSafetyWatchdog
                0x8004f5d0                IfxScuWdt_enableSafetyWatchdog
                0x8004f5f0                IfxScuWdt_disableSafetyWatchdog
 .text.MPU_QM_CODE
                0x8004f610      0x370 obj/Main.o
                0x8004f638                delay_us_main
                0x8004f660                delay_ms_main
                0x8004f688                Main_GetBuildDate
                0x8004f6b0                Main_GetBuildTime
                0x8004f6e0                Main_GetSwVersion
                0x8004f6f0                Main_GetBuildInfo
                0x8004f710                Main_GetHwVer
                0x8004f808                Main_GetHwVerApp
                0x8004f840                Main_UdsGetHwVer
                0x8004f858                Trap_vInit
                0x8004f8b8                mg_vTrapTableRedirection
                0x8004f8e8                core0_main
                0x8004f960                mg_vTrapTableRestore
 .text.MPU_QM_CODE
                0x8004f980      0x3b8 obj/Port.o
                0x8004f980                Port_Pin_IOCR_Cfg
                0x8004fc18                Port_Cfg
                0x8004fc58                Port_Pt_Init
                0x8004fce8                Port_Init
 .text.MPU_QM_CODE
                0x8004fd38       0x68 obj/Qspi.o
                0x8004fd38                Qspi_Init
 .text.MPU_QM_CODE
                0x8004fda0       0x78 obj/Qspi_cfg.o
                0x8004fda0                Qspi_cfg
 .text.MPU_QM_CODE
                0x8004fe18      0x130 obj/Scheduler_Qm.o
                0x8004fe18                mg_vQmTaskCall
                0x8004fef8                mg_vQM_Task
 .text.MPU_QM_CODE
                0x8004ff48      0x4f0 obj/Tp.o
                0x8004ff48                TpInit
                0x8004ff90                TpSetTxBuffer
                0x8004ffe0                TpGetTxConfirmation
                0x80050000                TpTx
                0x80050130                TpTask
                0x800501a0                SendFcFrame
                0x800501f0                TpRx
 .text.MPU_QM_CODE
                0x80050438      0x270 obj/Uds.o
                0x80050528                Uds_Init
                0x80050548                Uds_Indication
                0x80050580                Uds_Task
 .text.MPU_QM_CODE
                0x800506a8       0x80 obj/VerInfo.o
                0x800506a8                UdsData_SwVersion
                0x800506c8                UdsData_HwVersion
                0x800506e8                UdsData_BuildDate
                0x80050708                UdsData_BuildTime
 .text.MPU_QM_CODE
                0x80050728      0x160 obj/can_cfg.o
                0x80050728                Can_MessageInit
 .text.MPU_QM_CODE
                0x80050888      0x488 obj/can_driver.o
                0x80050888                CANDriver_1mSTask
                0x80050890                vCandriver_transmit
                0x800508e0                CANDriver_Init
                0x80050960                CANDriver_MboxToRxBuf
                0x80050b20                CANDriver_TxDataToMbox
                0x80050ca8                CANDriver_TxReqSts
                0x80050cc0                CANDriver_TxReqNewData
                0x80050ce0                CANDriver_ReadStsRxPending
                0x80050cf8                CANDriver_ClrRxPending
 *(.text.PMA_QM_CODE)
 .text.PMA_QM_CODE
                0x80050d10      0x30c obj/Pma.o
                0x80050d30                Pma_vInit
                0x80050e4c                Pma_vTask10ms
                0x80050e94                Pma_vGetErrorInfo
                0x80050eb0                Pma_vGetPfmSts
                0x80050ef4                Pma_vGetE2eSts
                0x80050f5c                Pma_vGetQspiSts
                0x8005101c                . = ALIGN (0x4)

.rodata.MPU_ASIL_CONST memory region -> pfls0
                0x80051020     0x1798
 *(.rodata.MPU_ASIL_CONST)
 .rodata.MPU_ASIL_CONST
                0x80051020      0xb48 obj/HsfbNtc_table.o
                0x80051020                HSFBNTC_TABLE_TEMP_WATOUT
                0x80051074                HSFBNTC_TABLE_TEMP_WATIN
                0x80051210                HSFBNTC_TABLE_TEMP_MOS_C0
                0x8005138e                HSFBNTC_TABLE_TEMP_MOS_B02
                0x800513e4                HSFBNTC_TABLE_RTR25_WATOUT
                0x8005148c                HSFBNTC_TABLE_RTR25_WATIN
                0x800517c4                HSFBNTC_TABLE_RTR25_MOS_C0
                0x80051ac0                HSFBNTC_TABLE_RTR25_MOS_B02
 .rodata.MPU_ASIL_CONST
                0x80051b68      0x140 obj/Comserv.o
 .rodata.MPU_ASIL_CONST
                0x80051ca8       0x54 obj/TstM_Cfg.o
                0x80051ca8                TstM_ExpTestSignature
 *(.rodata.STL_CONST_8BIT)
 .rodata.STL_CONST_8BIT
                0x80051cfc        0x7 obj/ClkmTst.o
 .rodata.STL_CONST_8BIT
                0x80051d03        0x3 obj/CpuBusMpuLfmTst.o
 .rodata.STL_CONST_8BIT
                0x80051d06        0xf obj/SramEccTst_MemDef.o
                0x80051d06                SramEccTst_kMcTable
 .rodata.STL_CONST_8BIT
                0x80051d15        0x1 obj/SriTst.o
 *(.rodata.STL_CONST_16BIT)
 .rodata.STL_CONST_16BIT
                0x80051d16       0x42 obj/SramEccTst.o
                0x80051d16                SramEccTst_kDoubleBitErrPtrn
                0x80051d2c                SramEccTst_kSingleBitErrPtrn
                0x80051d42                SramEccTst_kNoErrPtrn
 *(.rodata.STL_CONST_32BIT)
 .rodata.STL_CONST_32BIT
                0x80051d58       0x30 obj/Mcal_WdgLib.o
 .rodata.STL_CONST_32BIT
                0x80051d88       0x30 obj/Sl_FlsErrPtrn.o
 .rodata.STL_CONST_32BIT
                0x80051db8       0x68 obj/SramEccTst.o
 .rodata.STL_CONST_32BIT
                0x80051e20       0x3c obj/SramEccTst_MemDef.o
                0x80051e20                SramEccTst_kMemDef
 *(.rodata.STL_CONST_FAR_UNSPECIFIED)
 .rodata.STL_CONST_FAR_UNSPECIFIED
                0x80051e5c       0x64 obj/PmuEccEdcTst_RefPtrnDef.o
                0x80051e5c                PmuEccEdcTst_DbeRefPtrn
                0x80051e7c                PmuEccEdcTst_SbeRefPtrn
                0x80051e9c                PmuEccEdcTst_VcwRefPtrn
                0x80051ebc                PmuEccEdcTst_TestPattern
 .rodata.STL_CONST_FAR_UNSPECIFIED
                0x80051ec0       0x10 obj/SramEccTst.o
 .rodata.STL_CONST_FAR_UNSPECIFIED
                0x80051ed0       0x40 obj/SramEccTst_MemDef.o
 *(.rodata.MTL_SRI_EDC_BUSERROR_TST)
 *fill*         0x80051f10       0x10 00
 .rodata.MTL_SRI_EDC_BUSERROR_TST
                0x80051f20       0x20 obj/SriTst.o
 *(.rodata.CONFIGURATION_LT)
 .rodata.CONFIGURATION_LT
                0x80051f40       0x24 obj/CpuBusMpuLfmTst_LCfg.o
                0x80051f40                CpuBusMpuLfmTst_ConfigRoot
 .rodata.CONFIGURATION_LT
                0x80051f64        0x4 obj/CpuMpuTst_LCfg.o
                0x80051f64                CpuMpuTst_ConfigRoot
 .rodata.CONFIGURATION_LT
                0x80051f68        0x8 obj/IRTst_LCfg.o
                0x80051f68                IRTst_ConfigRoot
 .rodata.CONFIGURATION_LT
                0x80051f70      0x2c8 obj/SfrTst_LCfg.o
                0x80051f70                AllAvailableSets
                0x80051f88                RegisterConfig2
                0x80051fc8                RegisterConfig1
 .rodata.CONFIGURATION_LT
                0x80052238      0x174 obj/SpbTst_LCfg.o
                0x80052238                SpbTst_ConfigRoot
 .rodata.CONFIGURATION_LT
                0x800523ac        0x8 obj/SramEccTst_LCfg.o
                0x800523ac                SramEccTst_ConfigRoot
 .rodata.CONFIGURATION_LT
                0x800523b4       0x1c obj/SriTst_LCfg.o
                0x800523b4                SriTst_ConfigRoot
 .rodata.CONFIGURATION_LT
                0x800523d0       0x10 obj/WdgTst_LCfg.o
                0x800523d0                WdgTstSafety_ConfigRoot
                0x800523d8                WdgTstCpu_ConfigRoot
 *(.rodata.CONFIGURATION_PB)
 .rodata.CONFIGURATION_PB
                0x800523e0      0x108 obj/Smu_PBCfg.o
                0x800523e0                Smu_ConfigRoot
 .rodata.CONFIGURATION_PB
                0x800524e8      0x2d0 obj/TstHandler_PBCfg.o
                0x800524e8                Sl_ConfigRoot
                0x800527b8                . = ALIGN (0x4)

.rodata.MPU_QM_CONST memory region -> pfls0
                0x800527b8      0x3e0
 *(.rodata.MPU_QM_CONST)
 .rodata.MPU_QM_CONST
                0x800527b8       0x5c obj/IfxScuCcu.o
                0x800527b8                IfxScuCcu_defaultClockConfig
 .rodata.MPU_QM_CONST
                0x80052814        0xc obj/Tp_cfg.o
                0x80052814                TpConfig
 .rodata.MPU_QM_CONST
                0x80052820       0x60 obj/Uds.o
                0x80052820                cs_ReadDataIdItems
                0x80052840                cs_WriteDataIdItems
                0x80052850                cs_ServicesModes
 .rodata.MPU_QM_CONST
                0x80052880      0x318 obj/can_cfg.o
                0x80052880                CanRxMsg
                0x8005297c                CanTxMsg
                0x80052b98                . = ALIGN (0x4)

.text.MPU_DEFAULT_CODE memory region -> pfls0
                0x80052b98        0x0
                0x80052b98                __DSPR_DEFAULT_FLASH_START = .
 *(.text)
 *(.text.*)
                0x80052b98                . = ALIGN (0x8)

.rodata.MPU_DEFAULT_CONST memory region -> pfls0
                0x80052b98      0x100
 *(.rodata)
 .rodata        0x80052b98       0x38 obj/Qspi.o
 .rodata        0x80052bd0       0x50 obj/CpuBusMpuLfmTst.o
 .rodata        0x80052c20       0x20 obj/IRTst.o
 .rodata        0x80052c40       0x30 obj/SmuTst.o
 .rodata        0x80052c70       0x24 obj/SpbTst.o
 *(.rodata.*)
                0x80052c98                . = ALIGN (0x8)
 *fill*         0x80052c94        0x4 00
                0x80052c98                __DSPR_DEFAULT_FLASH_END = .

.code_ram       memory region -> psram0
                0x70100100     0x1a78 load address 0x80052c98
                0x70100100                __PSPR_ASIL_RAMCODE_START = .
                0x70100100                . = ALIGN (0x8)
 *(.code_ram)
 .code_ram      0x70100100      0x220 obj/HsfbApp.o
                0x70100100                HsfbApp_Read100us
                0x70100190                HsfbApp_Read15us
                0x70100258                HsfbApp_Call15us
                0x70100290                HsfbApp_Call15us1
                0x701002b0                HsfbApp_Call100us
 .code_ram      0x70100320      0x278 obj/HsfbCtrl.o
                0x70100320                HsfbCtrl_Buck_Ctrl_15us
                0x701003f8                HsfbCtrl_Boost_Ctrl_15us
                0x70100490                HsfbCtrl_Call100us
                0x70100530                HsfbCtrl_Call15us
 .code_ram      0x70100598       0x68 obj/HsfbCtrl_support.o
                0x70100598                HsfbCtrl_PI_Calc
 .code_ram      0x70100600      0x1d0 obj/HsfbMeas.o
                0x70100600                HsfbMeas_Call100us
                0x70100740                HsfbMeas_Call15us
 .code_ram      0x701007d0      0x3d8 obj/HsfbPwm.o
                0x701007d0                HsfbPwm_GetData15us
                0x70100838                HsfbPwm_SetData15us
                0x70100868                HsfbPwm_EnDis15us
                0x701008c8                HsfbPwm_State15us
                0x70100b48                HsfbPwm_Call100us
                0x70100b80                HsfbPwm_Call15us
 .code_ram      0x70100ba8      0xeb0 obj/HsfbPwm_driver.o
                0x70101550                HsfbPwm_Sync
                0x70101598                HsfbPwm_Discharge
                0x701016f8                HsfbPwm_Reset
                0x701017f8                HsfbPwm_Charge
                0x701019a8                HsfbPwm_SteadyRun
 .code_ram      0x70101a58      0x120 obj/HsfbSafety.o
                0x70101a58                HsfbSafety_Call100us
 *(.code_ram.*)
                0x70101b78                . = ALIGN (0x8)
                0x70101b78                __PSPR_ASIL_RAMCODE_END = .

.bss.MPU_QM_VAR_NOINIT memory region -> dsram0
                0x70002a00     0x10c8 load address 0x80054710
                0x70002a00                __DSPR_QM_VAR_START = .
                0x70002a00                . = ALIGN (0x8)
 *(.bss.MPU_QM_VAR_NOINIT)
 .bss.MPU_QM_VAR_NOINIT
                0x70002a00      0x1c0 obj/Comserv.o
                0x70002a00                OpMode_flag
                0x70002a08                CalibrationData
                0x70002aa0                ParameterData
                0x70002b68                ComServ_DevRx
 .bss.MPU_QM_VAR_NOINIT
                0x70002bc0       0x58 obj/Main.o
                0x70002bc0                mg_vTrapDisptab
                0x70002be0                Main_InitFin
                0x70002be8                DebugError
                0x70002bf0                Main_HwVer
 .bss.MPU_QM_VAR_NOINIT
                0x70002c18      0x848 obj/Tp.o
 .bss.MPU_QM_VAR_NOINIT
                0x70003460       0x30 obj/Uds.o
                0x70003460                Trusted_UdsRstReq_Flag
                0x70003468                pu8_UdsData
 .bss.MPU_QM_VAR_NOINIT
                0x70003490      0x5c0 obj/can_cfg.o
                0x70003490                DCDC_CMD_internal
                0x700034b0                DCDC_DEV_CMD_internal
                0x700034c8                DCDC_HSFB_Diag_Req_internal
                0x700034e8                Parameter_Com_DCDC_internal
                0x70003508                HTB_CMD_internal
                0x70003518                HVDC_SafetyMeasure_internal
                0x70003530                COM_WakeUpSleepManagement_internal
                0x70003538                DCDC_Measure_internal
                0x70003558                DCDC_Measure3_internal
                0x70003578                DCDC_Status_internal
                0x70003590                DcDc_Scope0_internal
                0x700035a0                DcDc_Scope1_internal
                0x700035b8                LvDc_Pma_ErrSrc_internal
                0x700035d8                DCDC_Measure2_internal
                0x700035f8                DCDC_HSFB_Diag_Resp_internal
                0x70003618                Parameter_DCDC_Com_internal
                0x70003638                DCDC_Status_ErrCode_internal
                0x70003658                DCDC_Measure4_internal
                0x70003678                LVDC_SafetyMeasure_internal
                0x70003698                LVDC_WakeUpSleepManagement_internal
                0x700036a0                DCDC_HTB_Measure_internal
                0x700036b0                LvDc_Pma_ErrCode_internal
                0x700036d0                ConfirmationFlags
                0x70003710                IndicationFlags
                0x70003730                RxTimeoutCounters
                0x70003750                Can_DCDC_CMD_RxIndFlags
                0x70003758                Can_DCDC_DEV_CMD_RxIndFlags
                0x70003760                Can_DCDC_HSFB_DIAG_REQ_RxIndFlags
                0x70003768                Can_PARAMETER_COM_DCDC_RxIndFlags
                0x70003778                Can_HTB_CMD_RxIndFlags
                0x70003780                Can_HVDC_SAFETYMEASURE_RxIndFlags
                0x70003788                Can_COM_WAKEUPSLEEPMANAGEMENT_RxIndFlags
                0x70003798                CanTxFlags
                0x700037d8                CanRxFlags
                0x70003810                DCDC_CMD
                0x70003830                DCDC_DEV_CMD
                0x70003848                DCDC_HSFB_Diag_Req
                0x70003868                Parameter_Com_DCDC
                0x70003888                HTB_CMD
                0x70003898                HVDC_SafetyMeasure
                0x700038b0                COM_WakeUpSleepManagement
                0x700038b8                DCDC_Measure
                0x700038d8                DCDC_Measure3
                0x700038f8                DCDC_Status
                0x70003910                DcDc_Scope0
                0x70003920                DcDc_Scope1
                0x70003938                LvDc_Pma_ErrSrc
                0x70003958                DCDC_Measure2
                0x70003978                DCDC_HSFB_Diag_Resp
                0x70003998                Parameter_DCDC_Com
                0x700039b8                DCDC_Status_ErrCode
                0x700039d8                DCDC_Measure4
                0x700039f8                LVDC_SafetyMeasure
                0x70003a18                LVDC_WakeUpSleepManagement
                0x70003a20                DCDC_HTB_Measure
                0x70003a30                LvDc_Pma_ErrCode
 .bss.MPU_QM_VAR_NOINIT
                0x70003a50       0x60 obj/can_driver.o
                0x70003a50                CANDriver_mg_au16TxCycleTime
                0x70003a70                CANDriver_mg_aeMsgSendType
 .bss.MPU_QM_VAR_NOINIT
                0x70003ab0       0x18 obj/mpu.o
                0x70003ab0                TRUSTED_Mpu_Err
                0x70003ab8                PSWReg_Rd3
                0x70003ac0                PSWReg_Rd1

.PMA_QM_VAR_INIT memory region -> dsram0
                0x70004000       0xa8 load address 0x80054710
                0x70004000                __DSPR_QM_PMA_VAR_START = .
                0x70004000                . = ALIGN (0x8)
 *(.data.PMA_QM_VAR_INIT)
 .data.PMA_QM_VAR_INIT
                0x70004000       0xa8 obj/Pma.o
                0x70004000                PSWReg_Rd2
                0x70004004                Pma_RunTime
                0x70004008                Pma_AbortData
                0x700040a8                __DSPR_QM_PMA_VAR_END = .

.data.MPU_QM_VAR_INIT memory region -> dsram0
                0x700040a8       0x20 load address 0x800547b8
 *(.data.MPU_QM_VAR_INIT)
 .data.MPU_QM_VAR_INIT
                0x700040a8       0x10 obj/Comserv.o
 .data.MPU_QM_VAR_INIT
                0x700040b8        0x8 obj/IfxScuCcu.o
 .data.MPU_QM_VAR_INIT
                0x700040c0        0x8 obj/Scheduler_Qm.o
 *(.PMA_QM_VAR_INIT)
                0x700040c8                . = ALIGN (0x8)
                0x700040c8                __DSPR_QM_VAR_END = .

.bss.MPU_ASIL_VAR_NOINIT memory region -> dsram0
                0x70000000     0x1190 load address 0x800547d8
                0x70000000                __DSPR_ASIL_VAR_START = .
                0x70000000                . = ALIGN (0x8)
 *(.bss.MPU_ASIL_VAR_NOINIT)
 .bss.MPU_ASIL_VAR_NOINIT
                0x70000000      0x328 obj/HsfbApp.o
                0x70000000                HsfbApp_DW
                0x70000030                CtrlStatus100us
                0x70000038                SafetyStatus100us
                0x70000040                PortStatus1ms
                0x70000050                CtrlStatus15us
                0x70000060                DiagStatus1ms
                0x70000070                PwmStatus15us
                0x70000080                StateStatus
                0x70000090                HsfbApp_Rx10ms
                0x700000b0                MeasStatus15us
                0x700000d0                AdcStatus100us
                0x700000f8                AdcStatus15us
                0x70000120                AdcStatus1ms
                0x70000148                SafetyStatus1ms
                0x70000170                MeasStatus100us
                0x700001a0                NtcStatus
                0x700001d0                MeasStatus1ms
                0x70000238                HsfbApp_Tx10ms
 .bss.MPU_ASIL_VAR_NOINIT
                0x70000328      0x1a8 obj/HsfbCtrl.o
                0x70000328                HsfbCtrl_CtrlStatus15us
                0x70000330                HsfbCtrl_AppRx10ms
                0x70000338                HsfbCtrl_PwmStatus15us
                0x70000340                HsfbCtrl_MeasStatus100us
                0x70000348                HsfbCtrl_MeasStatus15us
                0x70000350                HsfbCtrl_DW
                0x70000408                HsfbCtrl_IoutLimFlag
                0x70000410                HsfbCtrl_BoostMode
                0x70000418                HsfbCtrl_PrechargeCnt
                0x70000420                HsfbCtrl_Error
                0x70000428                HsfbCtrl_EnDis
                0x70000430                HsfbCtrl_Param
                0x70000440                HsfbCtrl_Iout_Boost_PI
                0x70000460                HsfbCtrl_Vout_Buck_PI
                0x70000480                HsfbCtrl_Ich_Boost_PI
                0x700004a0                HsfbCtrl_Iout_Buck_PI
                0x700004c0                HsfbCtrl_VinSRFil
                0x700004c8                HsfbCtrl_VinSR
 .bss.MPU_ASIL_VAR_NOINIT
                0x700004d0       0xc8 obj/HsfbDiag.o
                0x700004d0                HsfbDiag_DiagStatus1ms
                0x700004d8                HsfbDiag_SafetyStatus1ms
                0x700004e0                HsfbDiag_NtcStatus10ms
                0x700004e8                HsfbDiag_CtrlStatus15us
                0x700004f0                HsfbDiag_MeasStatus1ms
                0x700004f8                HsfbDiag_PortStatus1ms
                0x70000500                HsfbDiag_DW
                0x70000538                HsfbDiag_ErrCode0En
                0x70000540                HsfbDiag_LatchReset
                0x70000548                HsfbDiag_ErrMask
                0x70000550                HsfbDiag_EnDis
                0x70000558                HsfbDiag_ErrCode3
                0x70000568                HsfbDiag_ErrCode2
                0x70000578                HsfbDiag_ErrCode1
                0x70000588                HsfbDiag_ErrCode0
 .bss.MPU_ASIL_VAR_NOINIT
                0x70000598      0x110 obj/HsfbMeas.o
                0x70000598                HsfbMeas_PwmStatus15us
                0x700005a0                HsfbMeas_DW
                0x700005c8                HsfbMeas_InitOffset
                0x700005d0                HsfbMeas_Calib
                0x70000608                HsfbMeas_Filter
                0x70000640                HsfbMeas_Param
 .bss.MPU_ASIL_VAR_NOINIT
                0x700006a8       0x88 obj/HsfbNtc.o
                0x700006a8                HsfbNtc_DW
 .bss.MPU_ASIL_VAR_NOINIT
                0x70000730      0x178 obj/HsfbPwm.o
                0x70000730                HsfbPwm_PwmStatus15us
                0x70000738                HsfbPwm_SafetyStatus100us
                0x70000740                HsfbPwm_AppRx10ms
                0x70000748                HsfbPwm_StateStatus
                0x70000750                HsfbPwm_CtrlStatus100us
                0x70000758                HsfbPwm_MeasStatus100us
                0x70000760                HsfbPwm_CtrlStatus15us
                0x70000768                HsfbPwm_DW
                0x700007d0                HsfbPwm_State
                0x700007d8                HsfbPwm_DischargeState
                0x700007e0                HsfbPwm_ChargeState
                0x700007e8                HsfbPwm_StartState
                0x700007f0                HsfbPwm_StateCmd
                0x700007f8                HsfbPwm_Period
                0x70000808                HsfbPwm_ToMor
                0x70000820                HsfbPwm_Jitter
                0x70000838                HsfbPwm_Status
 .bss.MPU_ASIL_VAR_NOINIT
                0x700008a8       0xd8 obj/HsfbSafety.o
                0x700008a8                HsfbSafety_PortStatus1ms
                0x700008b0                HsfbSafety_StateStatus
                0x700008b8                HsfbSafety_MeasStatus1ms
                0x700008c0                HsfbSafety_MeasStatus100us
                0x700008c8                HsfbSafety_DW
                0x70000920                HsfbSafety_VoutHw2Err
                0x70000928                HsfbSafety_VoutHw1Err
                0x70000930                HsfbSafety_VrefErr
                0x70000938                HsfbSafety_Vkl30Err
                0x70000940                HsfbSafety_VoutErr
                0x70000948                HsfbSafety_200usTick
                0x70000950                HsfbSafety_Enable
                0x70000968                HsfbSafety_SafetyStatus
 .bss.MPU_ASIL_VAR_NOINIT
                0x70000980       0x58 obj/HsfbState.o
                0x70000980                HsfbState_DW
                0x70000988                HsfbState_State
 .bss.MPU_ASIL_VAR_NOINIT
                0x700009d8       0x80 obj/Adc.o
                0x700009d8                Adc_IoutOffset
                0x700009e0                Adc_FlyBackEnable1
                0x700009e8                Adc_FlyBackEnable
                0x700009f0                Adc_ShortCnt
                0x700009f8                AdcResPt
 .bss.MPU_ASIL_VAR_NOINIT
                0x70000a58      0x1d0 obj/Comserv.o
                0x70000a58                readRslt
                0x70000a60                CANDriver_mg_bError
                0x70000a68                CanE2E
                0x70000ac8                Trusted_AsilCalibData
                0x70000b60                Trusted_AsilParamData
 .bss.MPU_ASIL_VAR_NOINIT
                0x70000c28       0xa8 obj/Gtm.o
                0x70000c28                Flag_WDIDis
                0x70000c30                Gtm_WDIDisCnt
                0x70000c38                Safety_WDIDis
                0x70000c40                Gtm_PwmStatus
                0x70000c48                Gtm_TimCnt
                0x70000c58                Gtm_PwmEnState
                0x70000c68                Gtm_PwmEn
                0x70000c70                Safety_PwmEn
                0x70000c78                Pwm_PwmEn
                0x70000c80                PwmSr1Pt
                0x70000ca8                PwmSr0Pt
 .bss.MPU_ASIL_VAR_NOINIT
                0x70000cd0       0xc8 obj/Port.o
                0x70000cd0                PortDisHSK
                0x70000cd8                PortAutoCnt
                0x70000ce0                PortOtpAutoDiagEnLast
                0x70000ce8                PortOtpAutoDiagEn
                0x70000cf0                WdgEnable
                0x70000cf8                WdgCnt
                0x70000d00                KLDiagFlag
                0x70000d08                PortDebug
                0x70000d20                Ovp16VResetCnt
                0x70000d28                PortErrReset
                0x70000d30                PortAutoDiagErr
                0x70000d38                PortAutoDiagFin
                0x70000d40                PortInPt
 .bss.MPU_ASIL_VAR_NOINIT
                0x70000d98       0x88 obj/Qspi.o
                0x70000d98                Qspi_StrtUpTst_Sts
                0x70000da0                Qspi_SBCError
 .bss.MPU_ASIL_VAR_NOINIT
                0x70000e20       0x28 obj/Safety_cfg.o
                0x70000e20                Safety_CfgError
                0x70000e28                ClearAlarm
                0x70000e30                SafetyDebug
 .bss.MPU_ASIL_VAR_NOINIT
                0x70000e48      0x170 obj/Scheduler_Asil.o
                0x70000e50                DebugCap
                0x70000eb8                Qspi_Test
                0x70000ec0                Isr_TimeMeas
                0x70000f50                SafetyError
                0x70000f58                Isr_100usTick
                0x70000f60                Isr_15usTick
                0x70000f68                Main_ResetCnt
                0x70000f70                Main_DebugErrCode
                0x70000f78                IsrTimeFil
                0x70000f80                Pfm_Capture
                0x70000f90                Isr_AppStatus
                0x70000f98                CpuLoadSts
 .bss.MPU_ASIL_VAR_NOINIT
                0x70000fb8        0x8 obj/iohwsf.o
 .bss.MPU_ASIL_VAR_NOINIT
                0x70000fc0        0x8 obj/iohwsf_AccessProt.o
 .bss.MPU_ASIL_VAR_NOINIT
                0x70000fc8        0x8 obj/mpu.o
                0x70000fc8                PSWReg_Rd0
 .bss.MPU_ASIL_VAR_NOINIT
                0x70000fd0      0x100 obj/Mcal_Trap.o
 .bss.MPU_ASIL_VAR_NOINIT
                0x700010d0       0xb0 obj/TstM.o
                0x700010d0                TstM_TestSignatures
                0x70001128                TstM_TestResults
 *(.bss.CpuMpu.*)
 .bss.CpuMpu.DEFAULT_RAM_8BYTE
                0x70001180       0x10 obj/CpuMpuTst.o

.data.MPU_ASIL_VAR_INIT memory region -> dsram0
                0x70001190      0x1e8 load address 0x800547d8
 *(.data.MPU_ASIL_VAR_INIT)
 .data.MPU_ASIL_VAR_INIT
                0x70001190       0x40 obj/Scheduler_Asil.o
 *(.data.STL_RAM_UNSPECIFIED)
 .data.STL_RAM_UNSPECIFIED
                0x700011d0        0xc obj/CpuMpuTst.o
 .data.STL_RAM_UNSPECIFIED
                0x700011dc       0x18 obj/PmuEccEdcTst.o
 .data.STL_RAM_UNSPECIFIED
                0x700011f4        0xc obj/TrapTst.o
 .data.STL_RAM_UNSPECIFIED
                0x70001200        0x8 obj/TstHandler.o
 *(.data.STL_RAM_UNSPECIFIED_NONZERO_INIT)
 .data.STL_RAM_UNSPECIFIED_NONZERO_INIT
                0x70001208       0x28 obj/Mtl_Trap.o
 .data.STL_RAM_UNSPECIFIED_NONZERO_INIT
                0x70001230       0x1c obj/Sl_FlsErrPtrn.o
 *(.data.STL_RAM_32BIT_NONZERO_INIT)
 .data.STL_RAM_32BIT_NONZERO_INIT
                0x7000124c       0x10 obj/Mcal_TcLib.o
 .data.STL_RAM_32BIT_NONZERO_INIT
                0x7000125c       0x18 obj/Mcal_WdgLib.o
 .data.STL_RAM_32BIT_NONZERO_INIT
                0x70001274        0x4 obj/SpbTst_LCfg.o
 .data.STL_RAM_32BIT_NONZERO_INIT
                0x70001278       0x14 obj/SramEccTst.o
 .data.STL_RAM_32BIT_NONZERO_INIT
                0x7000128c       0x14 obj/TstHandler.o
 *(.data.STL_RAM_32BIT)
 .data.STL_RAM_32BIT
                0x700012a0       0x10 obj/Mcal_WdgLib.o
 .data.STL_RAM_32BIT
                0x700012b0       0x10 obj/PmuEccEdcTst.o
 .data.STL_RAM_32BIT
                0x700012c0        0x4 obj/Sl_FlsErrPtrn.o
 .data.STL_RAM_32BIT
                0x700012c4       0x50 obj/Sl_Ipc.o
 .data.STL_RAM_32BIT
                0x70001314       0x10 obj/SpbTst.o
 .data.STL_RAM_32BIT
                0x70001324        0x8 obj/SriTst.o
 .data.STL_RAM_32BIT
                0x7000132c       0x10 obj/TrapTst.o
 .data.STL_RAM_32BIT
                0x7000133c        0x8 obj/WdgTst.o
 *(.data.STL_RAM_NONZERO_INIT_8BIT)
 .data.STL_RAM_NONZERO_INIT_8BIT
                0x70001344        0x8 obj/Smu.o
 *(.data.STL_RAM_8BIT)
 .data.STL_RAM_8BIT
                0x7000134c       0x18 obj/Smu.o
 .data.STL_RAM_8BIT
                0x70001364        0x8 obj/SmuTst.o
 .data.STL_RAM_8BIT
                0x7000136c        0x5 obj/SriTst.o
 .data.STL_RAM_8BIT
                0x70001371        0x1 obj/TrapTst.o
                0x70001378                . = ALIGN (0x8)
 *fill*         0x70001372        0x6 00
                0x70001378                __DSPR_ASIL_VAR_END = .

.COMPATIBILITY_APPL_BTLD_SW memory region -> pfls0
                0x8007ffb6       0x20
                0x8007ffb6                __IF_CONST = .
 *(.COMPATIBILITY_APPL_BTLD_SW)
 .COMPATIBILITY_APPL_BTLD_SW
                0x8007ffb6       0x20 obj/Main.o
                0x8007ffb6                MAIN_mg_au16CompatibilityApplBtldSwArea
                0x8007ffd6                . = ALIGN (0x1)

.COMPATIBILITY_APPL_SW_SW memory region -> pfls0
                0x8007ffd6        0x2
                0x8007ffd6                __IF_CONST = .
 *(.COMPATIBILITY_APPL_SW_SW)
 .COMPATIBILITY_APPL_SW_SW
                0x8007ffd6        0x2 obj/Main.o
                0x8007ffd6                MAIN_mg_au16CompatibilityApplSwSwArea
                0x8007ffd8                . = ALIGN (0x1)

.COMPATIBILITY_APPL_VER memory region -> pfls0
                0x8007ffd8        0x4
                0x8007ffd8                __IF_CONST = .
 *(.COMPATIBILITY_APPL_VER)
 .COMPATIBILITY_APPL_VER
                0x8007ffd8        0x4 obj/Main.o
                0x8007ffd8                MAIN_mg_au32CompatibilityApplVerArea
                0x8007ffdc                . = ALIGN (0x4)

.CRC            memory region -> pfls0
                0x8007ffdc        0x0
                0x8007ffdc                __IF_CONST = .
 *(.CRC)
                0x8007ffdc                . = ALIGN (0x4)

.traptab_tc0    memory region -> pfls0
                0x80020100      0x100
                0x80020100                PROVIDE (__TRAPTAB_CPU0, .)
 *(.traptab_cpu0)
 .traptab_cpu0  0x80020100      0x100 obj/Mcal_Trap.o
                0x80020100                cpu0_trap_0

.zrodata
 *(.zrodata)
 *(.zrodata.*)

.sdata2         memory region -> pfls0
                0x80020200       0x2c
 *(.srodata)
 .srodata       0x80020200       0x2c obj/Qspi.o
 *(.srodata.*)
                0x80028200                _SMALL_DATA2_ = SIZEOF (.sdata2)?(ADDR (.sdata2) + 0x8000):((ADDR (.sdata2) & 0xf0000000) + 0x8000)
                0x80028200                __A1_MEM = _SMALL_DATA2_

.rodata.GNUC    memory region -> pfls0
                0x8002022c       0xec
 *(.rodata)
 *(.rodata.*)
 *(.gnu.linkonce.r.*)
                0x8002022c                . = ALIGN (0x4)
                0x8002022c                PROVIDE (__clear_table, .)
                0x8002022c        0x4 LONG 0x70001378 (0x0 + ADDR (.CPU0.zbss))
                0x80020230        0x4 LONG 0x0 SIZEOF (.CPU0.zbss)
                0x80020234        0x4 LONG 0x70005500 (0x0 + ADDR (.CPU0.bss))
                0x80020238        0x4 LONG 0x0 SIZEOF (.CPU0.bss)
                0x8002023c        0x4 LONG 0x70001378 (0x0 + ADDR (.zbss))
                0x80020240        0x4 LONG 0x0 SIZEOF (.zbss)
                0x80020244        0x4 LONG 0x7000bc00 (0x0 + ADDR (.sbss4))
                0x80020248        0x4 LONG 0x0 SIZEOF (.sbss4)
                0x8002024c        0x4 LONG 0xbf000000 (0x0 + ADDR (.bss_emem))
                0x80020250        0x4 LONG 0x0 SIZEOF (.bss_emem)
                0x80020254        0x4 LONG 0x70002a00 (0x0 + ADDR (.bss.MPU_QM_VAR_NOINIT))
                0x80020258        0x4 LONG 0x10c8 SIZEOF (.bss.MPU_QM_VAR_NOINIT)
                0x8002025c        0x4 LONG 0x70000000 (0x0 + ADDR (.bss.MPU_ASIL_VAR_NOINIT))
                0x80020260        0x4 LONG 0x1190 SIZEOF (.bss.MPU_ASIL_VAR_NOINIT)
                0x80020264        0x4 LONG 0x70004500 (0x0 + ADDR (.MPU_DEFAULT_VAR))
                0x80020268        0x4 LONG 0x0 SIZEOF (.MPU_DEFAULT_VAR)
                0x8002026c        0x4 LONG 0x0 SIZEOF (.MPU_DEFAULT_VAR)
                0x80020270        0x4 LONG 0xffffffff
                0x80020274        0x4 LONG 0xffffffff
                0x80020278                PROVIDE (__copy_table, .)
                0x80020278        0x4 LONG 0x80020328 LOADADDR (.CPU0.zdata)
                0x8002027c        0x4 LONG 0x70000000 (0x0 + ADDR (.CPU0.zdata))
                0x80020280        0x4 LONG 0x0 SIZEOF (.CPU0.zdata)
                0x80020284        0x4 LONG 0x80021278 LOADADDR (.CPU0.data)
                0x80020288        0x4 LONG 0x70005500 (0x0 + ADDR (.CPU0.data))
                0x8002028c        0x4 LONG 0x0 SIZEOF (.CPU0.data)
                0x80020290        0x4 LONG 0x80020328 LOADADDR (.zdata)
                0x80020294        0x4 LONG 0x70001378 (0x0 + ADDR (.zdata))
                0x80020298        0x4 LONG 0x0 SIZEOF (.zdata)
                0x8002029c        0x4 LONG 0x80021278 LOADADDR (.sdata)
                0x800202a0        0x4 LONG 0x70002450 (0x0 + ADDR (.sdata))
                0x800202a4        0x4 LONG 0x0 SIZEOF (.sdata)
                0x800202a8        0x4 LONG 0x800547d8 LOADADDR (.data.MPU_ASIL_VAR_INIT)
                0x800202ac        0x4 LONG 0x70001190 (0x0 + ADDR (.data.MPU_ASIL_VAR_INIT))
                0x800202b0        0x4 LONG 0x1e8 SIZEOF (.data.MPU_ASIL_VAR_INIT)
                0x800202b4        0x4 LONG 0x80021278 LOADADDR (.MPU_DEFAULT_VAR)
                0x800202b8        0x4 LONG 0x70004500 (0x0 + ADDR (.MPU_DEFAULT_VAR))
                0x800202bc        0x4 LONG 0x0 SIZEOF (.MPU_DEFAULT_VAR)
                0x800202c0        0x4 LONG 0x80021278 LOADADDR (.sdata4)
                0x800202c4        0x4 LONG 0x7000bc00 (0x0 + ADDR (.sdata4))
                0x800202c8        0x4 LONG 0x0 SIZEOF (.sdata4)
                0x800202cc        0x4 LONG 0x80021278 LOADADDR (.data_emem)
                0x800202d0        0x4 LONG 0xbf000000 (0x0 + ADDR (.data_emem))
                0x800202d4        0x4 LONG 0x0 SIZEOF (.data_emem)
                0x800202d8        0x4 LONG 0x80021278 LOADADDR (.CPU0.psram_text)
                0x800202dc        0x4 LONG 0x70101b78 (0x0 + ADDR (.CPU0.psram_text))
                0x800202e0        0x4 LONG 0x0 SIZEOF (.CPU0.psram_text)
                0x800202e4        0x4 LONG 0x80020328 LOADADDR (.PMUECCEDCTST_TVT_RAMCODE)
                0x800202e8        0x4 LONG 0x70001500 (0x0 + ADDR (.PMUECCEDCTST_TVT_RAMCODE))
                0x800202ec        0x4 LONG 0x100 SIZEOF (.PMUECCEDCTST_TVT_RAMCODE)
                0x800202f0        0x4 LONG 0x80020428 LOADADDR (.PFLASH_MON_ECCEDC_RAMCODE)
                0x800202f4        0x4 LONG 0x70001600 (0x0 + ADDR (.PFLASH_MON_ECCEDC_RAMCODE))
                0x800202f8        0x4 LONG 0xe50 SIZEOF (.PFLASH_MON_ECCEDC_RAMCODE)
                0x800202fc        0x4 LONG 0x80052c98 LOADADDR (.code_ram)
                0x80020300        0x4 LONG 0x70100100 (0x0 + ADDR (.code_ram))
                0x80020304        0x4 LONG 0x1a78 SIZEOF (.code_ram)
                0x80020308        0x4 LONG 0xffffffff
                0x8002030c        0x4 LONG 0xffffffff
                0x80020310        0x4 LONG 0xffffffff
                0x80020318                . = ALIGN (0x8)
 *fill*         0x80020314        0x4 00

.text           memory region -> pfls0
                0x80020318        0x0
 *(.text)
 *(.gnu.linkonce.t.*)
 *(.gnu.warning)
                0x80020318                . = ALIGN (0x4)

.eh_frame       memory region -> pfls0
                0x80020318        0x0
 *(.gcc_except_table)
                0x80020318                __EH_FRAME_BEGIN__ = .
 *(.eh_frame)
                0x80020318                __EH_FRAME_END__ = .
                0x80020318                . = ALIGN (0x8)

.ctors          memory region -> pfls0
                0x80020318        0x8
                0x80020318                __CTOR_LIST__ = .
                0x80020318        0x4 LONG 0x0 (((__CTOR_END__ - __CTOR_LIST__) / 0x4) - 0x2)
 *(.ctors)
                0x8002031c        0x4 LONG 0x0
                0x80020320                __CTOR_END__ = .
                0x80020320                . = ALIGN (0x8)

.dtors          memory region -> pfls0
                0x80020320        0x8
                0x80020320                __DTOR_LIST__ = .
                0x80020320        0x4 LONG 0x0 (((__DTOR_END__ - __DTOR_LIST__) / 0x4) - 0x2)
 *(.dtors)
                0x80020324        0x4 LONG 0x0
                0x80020328                __DTOR_END__ = .
                0x80020328                . = ALIGN (0x8)

.testpattern    memory region -> pfls0_tstPattern
                0x80058000      0x240
 *(.MTL_PMU_ECC_EDC_TST_PF0)
 .MTL_PMU_ECC_EDC_TST_PF0
                0x80058000      0x240 obj/PmuEccEdcTst_PtrnDef.o
                0x80058000                PmuEccTst_TestPatternB0

.testpattern_nc memory region -> pfls0_tstPattern_nc
                0xa0058000        0x0
                0xa0058000                LOC_START_PF0_PATTERNS = .

.CPU0.zdata     memory region -> dsram0
                0x70000000        0x0 load address 0x80020328
                0x70000000                . = ALIGN (0x4)
 *(.zdata_cpu0)
 *(.zdata_cpu0.*)

.CPU0.zbss      memory region -> dsram0
                0x70001378        0x0 load address 0x80020328
                0x70001378                . = ALIGN (0x4)
 *(.zbss_cpu0)
 *(.zbss_cpu0.*)

.zdata          memory region -> dsram0
                0x70001378        0x0 load address 0x80020328
                0x70001378                . = ALIGN (0x4)
 *(.zdata)
 *(.zdata.*)
 *(.gnu.linkonce.z.*)

.zbss           memory region -> dsram0
                0x70001378        0x0 load address 0x80020328
                0x70001378                . = ALIGN (0x4)
 *(.zbss)
 *(.zbss.*)
 *(.bbss)
 *(.bbss.*)
 *(.gnu.linkonce.zb.*)
                0x70001378                . = ALIGN (0x4)

.PMUECCEDCTST_TVT_RAMCODE memory region -> dsram0
                0x70001500      0x100 load address 0x80020328
                0x70001500                . = ALIGN (0x100)
                0x70001500                LOC_START_PmuEccEdcTst_tvt_RAM_RUNCODE = ABSOLUTE (.)
 *(.PMUECCEDCTST_TVT_RAMCODE*)
 .PMUECCEDCTST_TVT_RAMCODE
                0x70001500      0x100 obj/PmuEccEdcTst.o
                0x70001500                PmuEccEdcTst_lTrapVectors
                0x70001600                . = ALIGN (0x100)
                0x70001600                LOC_END_PmuEccEdcTst_tvt_RAM_RUNCODE = ABSOLUTE (.)
                0x80020328                LOC_START_PmuEccEdcTst_tvt_PFLASHCODE = LOADADDR (.PMUECCEDCTST_TVT_RAMCODE)
                0x80020428                LOC_END_PmuEccEdcTst_tvt_PFLASHCODE = (LOC_START_PmuEccEdcTst_tvt_PFLASHCODE + SIZEOF (.PMUECCEDCTST_TVT_RAMCODE))

.PFLASH_MON_ECCEDC_RAMCODE memory region -> dsram0
                0x70001600      0xe50 load address 0x80020428
                0x70001600                LOC_START_PflashMon_EccEdc_RAM_RUNCODE = ABSOLUTE (.)
 *(.PFLASH_MON_ECCEDC_RAMCODE*)
 .PFLASH_MON_ECCEDC_RAMCODE
                0x70001600      0xb84 obj/PmuEccEdcTst.o
                0x70001dd4                PmuEccEdcTst_lUnexpTrapHandler
 .PFLASH_MON_ECCEDC_RAMCODE
                0x70002184      0x2c8 obj/Sl_FlsErrPtrn.o
                0x70002450                . = ALIGN (0x8)
 *fill*         0x7000244c        0x4 00
                0x70002450                LOC_END_PflashMon_EccEdc_RAM_RUNCODE = ABSOLUTE (.)
                0x80020428                LOC_START_PflashMon_EccEdc_PFLASHCODE = LOADADDR (.PFLASH_MON_ECCEDC_RAMCODE)
                0x80021278                LOC_END_PflashMon_EccEdc_PFLASHCODE = (LOC_START_PflashMon_EccEdc_PFLASHCODE + SIZEOF (.PFLASH_MON_ECCEDC_RAMCODE))
                0x70002450                . = ALIGN (0x8)

.sdata          memory region -> dsram0
                0x70002450        0x0 load address 0x80021278
                0x70002450                . = ALIGN (0x4)
 *(.sdata)
 *(.sdata.*)
                0x70008000                _SMALL_DATA_ = SIZEOF (.sdata)?(ADDR (.sdata) + 0x8000):((ADDR (.sdata) & 0xf0000000) + 0x8000)
                0x70008000                __A0_MEM = _SMALL_DATA_

.MPU_DEFAULT_VAR memory region -> dsram0
                0x70004500        0x0 load address 0x80021278
                0x70004500                __DSPR_DEFAULT_VAR_START = .
                0x70004500                . = ALIGN (0x8)
 *(.sbss)
 *(.sbss.*)
 *(.bss)
 *(.bss.*)
 *(.gnu.linkonce.b.*)
 *(.data)
 *(.data.*)
 *(.gnu.linkonce.d.*)
                0x70004500                . = ALIGN (0x8)
                0x70004500                __DSPR_DEFAULT_VAR_END = .

.heap           memory region -> dsram0
                0x70004500     0x1000 load address 0x80021278
                0x70004500                . = ALIGN (0x4)
                0x70004500                __HEAP = .
                0x70005500                . = (. + LCF_HEAP_SIZE)
 *fill*         0x70004500     0x1000 00
                0x70005500                __HEAP_END = .

.CPU0.data      memory region -> dsram0
                0x70005500        0x0 load address 0x80021278
                0x70005500                . = ALIGN (0x4)
 *(.data_cpu0)
 *(.data_cpu0.*)

.CPU0.bss       memory region -> dsram0
                0x70005500        0x0 load address 0x80021278
                0x70005500                . = ALIGN (0x4)
 *(.bss_cpu0)
 *(.bss_cpu0.*)

.CPU0.psram_text memory region -> psram0
                0x70101b78        0x0 load address 0x80021278
                0x70101b78                __PSRAM_START = .
                0x70101b78                . = ALIGN (0x2)
 *(.cpu0_psram)
                0x70101b78                PROVIDE (__TEMPSTACK0_END, .)
                0x70101b78                __PSRAM_END = .

.CPU0.ustack    memory region -> dsram0
                0x70008e00      0x800
                0x70008e00                PROVIDE (__USTACK0_END, .)
                0x70008e00                . = ALIGN (0x8)
                0x70009600                . = (. + LCF_USTACK0_SIZE)
 *fill*         0x70008e00      0x800 00
                0x70009600                PROVIDE (__USTACK0, .)

.CPU0.istack    memory region -> dsram0
                0x70009700      0x400
                0x70009700                PROVIDE (__ISTACK0_END, .)
                0x70009700                . = ALIGN (0x8)
                0x70009b00                . = (. + LCF_ISTACK0_SIZE)
 *fill*         0x70009700      0x400 00
                0x70009b00                PROVIDE (__ISTACK0, .)

.CPU0.csa       memory region -> dsram0
                0x70009c00     0x2000
                0x70009c00                PROVIDE (__CSA0, .)
                0x70009c00                . = ALIGN (0x8)
                0x7000bc00                . = (. + LCF_CSA0_SIZE)
 *fill*         0x70009c00     0x2000 00
                0x7000bc00                PROVIDE (__CSA0_END, .)

.sdata3         memory region -> pfls0
                0x80021278        0x0 load address 0x7000bc00
 *(.rodata_a8)
 *(.rodata_a8.*)
                0x80008000                _SMALL_DATA3_ = SIZEOF (.sdata3)?(ADDR (.sdata3) + 0x8000):((ADDR (.sdata3) & 0xf0000000) + 0x8000)
                0x80008000                __A8_MEM = _SMALL_DATA3_

.sdata4         memory region -> dsram0
                0x7000bc00        0x0 load address 0x80021278
 *(.lmudata)
 *(.lmudata.*)

.sbss4          memory region -> dsram0
                0x7000bc00        0x0 load address 0x80021278
 *(.lmubss)
 *(.lmubss.*)
                0x70008000                _SMALL_DATA4_ = SIZEOF (.sdata4)?(ADDR (.sdata4) + 0x8000):((ADDR (.sdata4) & 0xf0000000) + 0x8000)
                0x70008000                __A9_MEM = _SMALL_DATA4_

.data_emem      memory region -> edmem_nc
                0xbf000000        0x0 load address 0x80021278
                0xbf000000                . = ALIGN (0x4)
 *(.data_emem)
 *(.data_emem.*)
 *(.gnu.linkonce.d.*)

.bss_emem       memory region -> edmem_nc
                0xbf000000        0x0 load address 0x80021278
                0xbf000000                . = ALIGN (0x4)
 *(.bss_emem)
 *(.bss_emem.*)
 *(.gnu.linkonce.b.*)

.inttab_tc0_000 memory region -> pfls0
                0x80060000        0xe
                0x80060000                . = ALIGN (0x8)
 *(.intvec_tc0_0)
 .intvec_tc0_0  0x80060000        0xe obj/Main_isr_cfg.o

.inttab_tc0_001 memory region -> pfls0
                0x80060020        0xe
                0x80060020                . = ALIGN (0x8)
 *(.intvec_tc0_1)
 .intvec_tc0_1  0x80060020        0xe obj/Main_isr_cfg.o

.inttab_tc0_002 memory region -> pfls0
                0x80060040        0xe
                0x80060040                . = ALIGN (0x8)
 *(.intvec_tc0_2)
 .intvec_tc0_2  0x80060040        0xe obj/Main_isr_cfg.o

.inttab_tc0_003 memory region -> pfls0
                0x80060060        0xe
                0x80060060                . = ALIGN (0x8)
 *(.intvec_tc0_3)
 .intvec_tc0_3  0x80060060        0xe obj/Main_isr_cfg.o

.inttab_tc0_004 memory region -> pfls0
                0x80060080        0xe
                0x80060080                . = ALIGN (0x8)
 *(.intvec_tc0_4)
 .intvec_tc0_4  0x80060080        0xe obj/Main_isr_cfg.o

.inttab_tc0_005 memory region -> pfls0
                0x800600a0        0xe
                0x800600a0                . = ALIGN (0x8)
 *(.intvec_tc0_5)
 .intvec_tc0_5  0x800600a0        0xe obj/Main_isr_cfg.o

.inttab_tc0_006 memory region -> pfls0
                0x800600c0        0xe
                0x800600c0                . = ALIGN (0x8)
 *(.intvec_tc0_6)
 .intvec_tc0_6  0x800600c0        0xe obj/Main_isr_cfg.o

.inttab_tc0_007 memory region -> pfls0
                0x800600e0        0xe
                0x800600e0                . = ALIGN (0x8)
 *(.intvec_tc0_7)
 .intvec_tc0_7  0x800600e0        0xe obj/Main_isr_cfg.o

.inttab_tc0_008 memory region -> pfls0
                0x80060100        0xe
                0x80060100                . = ALIGN (0x8)
 *(.intvec_tc0_8)
 .intvec_tc0_8  0x80060100        0xe obj/Main_isr_cfg.o

.inttab_tc0_009 memory region -> pfls0
                0x80060120        0xe
                0x80060120                . = ALIGN (0x8)
 *(.intvec_tc0_9)
 .intvec_tc0_9  0x80060120        0xe obj/Main_isr_cfg.o

.inttab_tc0_00A memory region -> pfls0
                0x80060140        0xe
                0x80060140                . = ALIGN (0x8)
 *(.intvec_tc0_10)
 .intvec_tc0_10
                0x80060140        0xe obj/Main_isr_cfg.o

.inttab_tc0_00B memory region -> pfls0
                0x80060160        0xe
                0x80060160                . = ALIGN (0x8)
 *(.intvec_tc0_11)
 .intvec_tc0_11
                0x80060160        0xe obj/Main_isr_cfg.o

.inttab_tc0_00C memory region -> pfls0
                0x80060180        0xe
                0x80060180                . = ALIGN (0x8)
 *(.intvec_tc0_12)
 .intvec_tc0_12
                0x80060180        0xe obj/Main_isr_cfg.o

.inttab_tc0_00D memory region -> pfls0
                0x800601a0        0xe
                0x800601a0                . = ALIGN (0x8)
 *(.intvec_tc0_13)
 .intvec_tc0_13
                0x800601a0        0xe obj/Main_isr_cfg.o

.inttab_tc0_00E memory region -> pfls0
                0x800601c0        0xe
                0x800601c0                . = ALIGN (0x8)
 *(.intvec_tc0_14)
 .intvec_tc0_14
                0x800601c0        0xe obj/Main_isr_cfg.o

.inttab_tc0_00F memory region -> pfls0
                0x800601e0        0xe
                0x800601e0                . = ALIGN (0x8)
 *(.intvec_tc0_15)
 .intvec_tc0_15
                0x800601e0        0xe obj/Main_isr_cfg.o

.inttab_tc0_010 memory region -> pfls0
                0x80060200        0xe
                0x80060200                . = ALIGN (0x8)
 *(.intvec_tc0_16)
 .intvec_tc0_16
                0x80060200        0xe obj/Main_isr_cfg.o

.inttab_tc0_011 memory region -> pfls0
                0x80060220        0xe
                0x80060220                . = ALIGN (0x8)
 *(.intvec_tc0_17)
 .intvec_tc0_17
                0x80060220        0xe obj/Main_isr_cfg.o

.inttab_tc0_012 memory region -> pfls0
                0x80060240        0xe
                0x80060240                . = ALIGN (0x8)
 *(.intvec_tc0_18)
 .intvec_tc0_18
                0x80060240        0xe obj/Main_isr_cfg.o

.inttab_tc0_013 memory region -> pfls0
                0x80060260        0xe
                0x80060260                . = ALIGN (0x8)
 *(.intvec_tc0_19)
 .intvec_tc0_19
                0x80060260        0xe obj/Main_isr_cfg.o

.inttab_tc0_014 memory region -> pfls0
                0x80060280        0xe
                0x80060280                . = ALIGN (0x8)
 *(.intvec_tc0_20)
 .intvec_tc0_20
                0x80060280        0xe obj/Main_isr_cfg.o

.inttab_tc0_015 memory region -> pfls0
                0x800602a0        0xe
                0x800602a0                . = ALIGN (0x8)
 *(.intvec_tc0_21)
 .intvec_tc0_21
                0x800602a0        0xe obj/Main_isr_cfg.o

.inttab_tc0_016 memory region -> pfls0
                0x800602c0        0xe
                0x800602c0                . = ALIGN (0x8)
 *(.intvec_tc0_22)
 .intvec_tc0_22
                0x800602c0        0xe obj/Main_isr_cfg.o

.inttab_tc0_017 memory region -> pfls0
                0x800602e0        0xe
                0x800602e0                . = ALIGN (0x8)
 *(.intvec_tc0_23)
 .intvec_tc0_23
                0x800602e0        0xe obj/Main_isr_cfg.o

.inttab_tc0_018 memory region -> pfls0
                0x80060300        0xe
                0x80060300                . = ALIGN (0x8)
 *(.intvec_tc0_24)
 .intvec_tc0_24
                0x80060300        0xe obj/Main_isr_cfg.o

.inttab_tc0_019 memory region -> pfls0
                0x80060320        0xe
                0x80060320                . = ALIGN (0x8)
 *(.intvec_tc0_25)
 .intvec_tc0_25
                0x80060320        0xe obj/Main_isr_cfg.o

.inttab_tc0_01A memory region -> pfls0
                0x80060340        0xe
                0x80060340                . = ALIGN (0x8)
 *(.intvec_tc0_26)
 .intvec_tc0_26
                0x80060340        0xe obj/Main_isr_cfg.o

.inttab_tc0_01B memory region -> pfls0
                0x80060360        0xe
                0x80060360                . = ALIGN (0x8)
 *(.intvec_tc0_27)
 .intvec_tc0_27
                0x80060360        0xe obj/Main_isr_cfg.o

.inttab_tc0_01C memory region -> pfls0
                0x80060380        0xe
                0x80060380                . = ALIGN (0x8)
 *(.intvec_tc0_28)
 .intvec_tc0_28
                0x80060380        0xe obj/Main_isr_cfg.o

.inttab_tc0_01D memory region -> pfls0
                0x800603a0        0xe
                0x800603a0                . = ALIGN (0x8)
 *(.intvec_tc0_29)
 .intvec_tc0_29
                0x800603a0        0xe obj/Main_isr_cfg.o

.inttab_tc0_01E memory region -> pfls0
                0x800603c0        0xe
                0x800603c0                . = ALIGN (0x8)
 *(.intvec_tc0_30)
 .intvec_tc0_30
                0x800603c0        0xe obj/Main_isr_cfg.o

.inttab_tc0_01F memory region -> pfls0
                0x800603e0        0xe
                0x800603e0                . = ALIGN (0x8)
 *(.intvec_tc0_31)
 .intvec_tc0_31
                0x800603e0        0xe obj/Main_isr_cfg.o

.inttab_tc0_020 memory region -> pfls0
                0x80060400        0xe
                0x80060400                . = ALIGN (0x8)
 *(.intvec_tc0_32)
 .intvec_tc0_32
                0x80060400        0xe obj/Main_isr_cfg.o

.inttab_tc0_021 memory region -> pfls0
                0x80060420        0xe
                0x80060420                . = ALIGN (0x8)
 *(.intvec_tc0_33)
 .intvec_tc0_33
                0x80060420        0xe obj/Main_isr_cfg.o

.inttab_tc0_022 memory region -> pfls0
                0x80060440        0xe
                0x80060440                . = ALIGN (0x8)
 *(.intvec_tc0_34)
 .intvec_tc0_34
                0x80060440        0xe obj/Main_isr_cfg.o

.inttab_tc0_023 memory region -> pfls0
                0x80060460        0xe
                0x80060460                . = ALIGN (0x8)
 *(.intvec_tc0_35)
 .intvec_tc0_35
                0x80060460        0xe obj/Main_isr_cfg.o

.inttab_tc0_024 memory region -> pfls0
                0x80060480        0xe
                0x80060480                . = ALIGN (0x8)
 *(.intvec_tc0_36)
 .intvec_tc0_36
                0x80060480        0xe obj/Main_isr_cfg.o

.inttab_tc0_025 memory region -> pfls0
                0x800604a0        0xe
                0x800604a0                . = ALIGN (0x8)
 *(.intvec_tc0_37)
 .intvec_tc0_37
                0x800604a0        0xe obj/Main_isr_cfg.o

.inttab_tc0_026 memory region -> pfls0
                0x800604c0        0xe
                0x800604c0                . = ALIGN (0x8)
 *(.intvec_tc0_38)
 .intvec_tc0_38
                0x800604c0        0xe obj/Main_isr_cfg.o

.inttab_tc0_027 memory region -> pfls0
                0x800604e0        0xe
                0x800604e0                . = ALIGN (0x8)
 *(.intvec_tc0_39)
 .intvec_tc0_39
                0x800604e0        0xe obj/Main_isr_cfg.o

.inttab_tc0_028 memory region -> pfls0
                0x80060500        0xe
                0x80060500                . = ALIGN (0x8)
 *(.intvec_tc0_40)
 .intvec_tc0_40
                0x80060500        0xe obj/Main_isr_cfg.o

.inttab_tc0_029 memory region -> pfls0
                0x80060520        0xe
                0x80060520                . = ALIGN (0x8)
 *(.intvec_tc0_41)
 .intvec_tc0_41
                0x80060520        0xe obj/Main_isr_cfg.o

.inttab_tc0_02A memory region -> pfls0
                0x80060540        0xe
                0x80060540                . = ALIGN (0x8)
 *(.intvec_tc0_42)
 .intvec_tc0_42
                0x80060540        0xe obj/Main_isr_cfg.o

.inttab_tc0_02B memory region -> pfls0
                0x80060560        0xe
                0x80060560                . = ALIGN (0x8)
 *(.intvec_tc0_43)
 .intvec_tc0_43
                0x80060560        0xe obj/Main_isr_cfg.o

.inttab_tc0_02C memory region -> pfls0
                0x80060580        0xe
                0x80060580                . = ALIGN (0x8)
 *(.intvec_tc0_44)
 .intvec_tc0_44
                0x80060580        0xe obj/Main_isr_cfg.o

.inttab_tc0_02D memory region -> pfls0
                0x800605a0        0xe
                0x800605a0                . = ALIGN (0x8)
 *(.intvec_tc0_45)
 .intvec_tc0_45
                0x800605a0        0xe obj/Main_isr_cfg.o

.inttab_tc0_02E memory region -> pfls0
                0x800605c0        0xe
                0x800605c0                . = ALIGN (0x8)
 *(.intvec_tc0_46)
 .intvec_tc0_46
                0x800605c0        0xe obj/Main_isr_cfg.o

.inttab_tc0_02F memory region -> pfls0
                0x800605e0        0xe
                0x800605e0                . = ALIGN (0x8)
 *(.intvec_tc0_47)
 .intvec_tc0_47
                0x800605e0        0xe obj/Main_isr_cfg.o

.inttab_tc0_030 memory region -> pfls0
                0x80060600        0xe
                0x80060600                . = ALIGN (0x8)
 *(.intvec_tc0_48)
 .intvec_tc0_48
                0x80060600        0xe obj/Main_isr_cfg.o

.inttab_tc0_031 memory region -> pfls0
                0x80060620        0xe
                0x80060620                . = ALIGN (0x8)
 *(.intvec_tc0_49)
 .intvec_tc0_49
                0x80060620        0xe obj/Main_isr_cfg.o

.inttab_tc0_032 memory region -> pfls0
                0x80060640        0xe
                0x80060640                . = ALIGN (0x8)
 *(.intvec_tc0_50)
 .intvec_tc0_50
                0x80060640        0xe obj/Main_isr_cfg.o

.inttab_tc0_033 memory region -> pfls0
                0x80060660        0xe
                0x80060660                . = ALIGN (0x8)
 *(.intvec_tc0_51)
 .intvec_tc0_51
                0x80060660        0xe obj/Main_isr_cfg.o

.inttab_tc0_034 memory region -> pfls0
                0x80060680        0xe
                0x80060680                . = ALIGN (0x8)
 *(.intvec_tc0_52)
 .intvec_tc0_52
                0x80060680        0xe obj/Main_isr_cfg.o

.inttab_tc0_035 memory region -> pfls0
                0x800606a0        0xe
                0x800606a0                . = ALIGN (0x8)
 *(.intvec_tc0_53)
 .intvec_tc0_53
                0x800606a0        0xe obj/Main_isr_cfg.o

.inttab_tc0_036 memory region -> pfls0
                0x800606c0        0xe
                0x800606c0                . = ALIGN (0x8)
 *(.intvec_tc0_54)
 .intvec_tc0_54
                0x800606c0        0xe obj/Main_isr_cfg.o

.inttab_tc0_037 memory region -> pfls0
                0x800606e0        0xe
                0x800606e0                . = ALIGN (0x8)
 *(.intvec_tc0_55)
 .intvec_tc0_55
                0x800606e0        0xe obj/Main_isr_cfg.o

.inttab_tc0_038 memory region -> pfls0
                0x80060700        0xe
                0x80060700                . = ALIGN (0x8)
 *(.intvec_tc0_56)
 .intvec_tc0_56
                0x80060700        0xe obj/Main_isr_cfg.o

.inttab_tc0_039 memory region -> pfls0
                0x80060720        0xe
                0x80060720                . = ALIGN (0x8)
 *(.intvec_tc0_57)
 .intvec_tc0_57
                0x80060720        0xe obj/Main_isr_cfg.o

.inttab_tc0_03A memory region -> pfls0
                0x80060740        0xe
                0x80060740                . = ALIGN (0x8)
 *(.intvec_tc0_58)
 .intvec_tc0_58
                0x80060740        0xe obj/Main_isr_cfg.o

.inttab_tc0_03B memory region -> pfls0
                0x80060760        0xe
                0x80060760                . = ALIGN (0x8)
 *(.intvec_tc0_59)
 .intvec_tc0_59
                0x80060760        0xe obj/Main_isr_cfg.o

.inttab_tc0_03C memory region -> pfls0
                0x80060780        0xe
                0x80060780                . = ALIGN (0x8)
 *(.intvec_tc0_60)
 .intvec_tc0_60
                0x80060780        0xe obj/Main_isr_cfg.o

.inttab_tc0_03D memory region -> pfls0
                0x800607a0        0xe
                0x800607a0                . = ALIGN (0x8)
 *(.intvec_tc0_61)
 .intvec_tc0_61
                0x800607a0        0xe obj/Main_isr_cfg.o

.inttab_tc0_03E memory region -> pfls0
                0x800607c0        0xe
                0x800607c0                . = ALIGN (0x8)
 *(.intvec_tc0_62)
 .intvec_tc0_62
                0x800607c0        0xe obj/Main_isr_cfg.o

.inttab_tc0_03F memory region -> pfls0
                0x800607e0        0xe
                0x800607e0                . = ALIGN (0x8)
 *(.intvec_tc0_63)
 .intvec_tc0_63